<!doctype html public "-//w3c//dtd html 4.0 transitional//en">
<html><head>
<title>Static Call Graph - [.\Objects\GD32_FreeRTOS_Lwip_libmodbus.axf]</title></head>
<body><HR>
<H1>Static Call Graph for image .\Objects\GD32_FreeRTOS_Lwip_libmodbus.axf</H1><HR>
<BR><P>#&#060CALLGRAPH&#062# ARM Linker, 6160001: Last Updated: Thu Jun 12 14:32:59 2025
<BR><P>
<H3>Maximum Stack Usage =        720 bytes + Unknown(Cycles, Untraceable Function Pointers)</H3><H3>
Call chain for Maximum Stack Depth:</H3>
init_tsk &rArr; lwip_stack_init &rArr; netif_add &rArr; netif_set_addr &rArr; netif_do_set_ipaddr &rArr; netif_do_ip_addr_changed &rArr; tcp_netif_ip_addr_changed &rArr; tcp_netif_ip_addr_changed_pcblist &rArr; tcp_abort &rArr; tcp_abandon &rArr; tcp_pcb_remove &rArr; tcp_output &rArr; tcp_send_empty_ack &rArr; tcp_output_control_segment &rArr; tcp_output_control_segment_netif &rArr; ip4_output_if &rArr; ip4_output_if_src &rArr; ip4_frag &rArr; pbuf_alloc &rArr; mem_malloc &rArr; sys_arch_sem_wait &rArr; xQueueSemaphoreTake &rArr; xTaskResumeAll &rArr; xTaskIncrementTick
<P>
<H3>
Mutually Recursive functions
</H3> <LI><a href="#[1c]">ADC0_1_IRQHandler</a>&nbsp;&nbsp;&nbsp;&rArr;&nbsp;&nbsp;&nbsp;<a href="#[1c]">ADC0_1_IRQHandler</a><BR>
 <LI><a href="#[4]">BusFault_Handler</a>&nbsp;&nbsp;&nbsp;&rArr;&nbsp;&nbsp;&nbsp;<a href="#[4]">BusFault_Handler</a><BR>
 <LI><a href="#[7]">DebugMon_Handler</a>&nbsp;&nbsp;&nbsp;&rArr;&nbsp;&nbsp;&nbsp;<a href="#[7]">DebugMon_Handler</a><BR>
 <LI><a href="#[51]">FPU_IRQHandler</a>&nbsp;&nbsp;&nbsp;&rArr;&nbsp;&nbsp;&nbsp;<a href="#[51]">FPU_IRQHandler</a><BR>
 <LI><a href="#[2]">HardFault_Handler</a>&nbsp;&nbsp;&nbsp;&rArr;&nbsp;&nbsp;&nbsp;<a href="#[2]">HardFault_Handler</a><BR>
 <LI><a href="#[3]">MemManage_Handler</a>&nbsp;&nbsp;&nbsp;&rArr;&nbsp;&nbsp;&nbsp;<a href="#[3]">MemManage_Handler</a><BR>
 <LI><a href="#[1]">NMI_Handler</a>&nbsp;&nbsp;&nbsp;&rArr;&nbsp;&nbsp;&nbsp;<a href="#[1]">NMI_Handler</a><BR>
 <LI><a href="#[5]">UsageFault_Handler</a>&nbsp;&nbsp;&nbsp;&rArr;&nbsp;&nbsp;&nbsp;<a href="#[5]">UsageFault_Handler</a><BR>
 <LI><a href="#[214]">netconn_drain</a>&nbsp;&nbsp;&nbsp;&rArr;&nbsp;&nbsp;&nbsp;<a href="#[214]">netconn_drain</a><BR>
 <LI><a href="#[b6]">led_tsk</a>&nbsp;&nbsp;&nbsp;&rArr;&nbsp;&nbsp;&nbsp;<a href="#[b6]">led_tsk</a><BR>
 <LI><a href="#[234]">lwip_sendto</a>&nbsp;&nbsp;&nbsp;&rArr;&nbsp;&nbsp;&nbsp;<a href="#[142]">lwip_send</a><BR>
</UL>
<P>
<H3>
Function Pointers
</H3><UL>
 <LI><a href="#[1c]">ADC0_1_IRQHandler</a> from startup_gd32h7xx.o(.text) referenced from startup_gd32h7xx.o(RESET)
 <LI><a href="#[6d]">ADC2_IRQHandler</a> from startup_gd32h7xx.o(.text) referenced from startup_gd32h7xx.o(RESET)
 <LI><a href="#[4]">BusFault_Handler</a> from gd32h7xx_it.o(.text.BusFault_Handler) referenced from startup_gd32h7xx.o(RESET)
 <LI><a href="#[89]">CAN0_Busoff_IRQHandler</a> from startup_gd32h7xx.o(.text) referenced from startup_gd32h7xx.o(RESET)
 <LI><a href="#[8a]">CAN0_Error_IRQHandler</a> from startup_gd32h7xx.o(.text) referenced from startup_gd32h7xx.o(RESET)
 <LI><a href="#[8b]">CAN0_FastError_IRQHandler</a> from startup_gd32h7xx.o(.text) referenced from startup_gd32h7xx.o(RESET)
 <LI><a href="#[88]">CAN0_Message_IRQHandler</a> from startup_gd32h7xx.o(.text) referenced from startup_gd32h7xx.o(RESET)
 <LI><a href="#[8d]">CAN0_REC_IRQHandler</a> from startup_gd32h7xx.o(.text) referenced from startup_gd32h7xx.o(RESET)
 <LI><a href="#[8c]">CAN0_TEC_IRQHandler</a> from startup_gd32h7xx.o(.text) referenced from startup_gd32h7xx.o(RESET)
 <LI><a href="#[87]">CAN0_WKUP_IRQHandler</a> from startup_gd32h7xx.o(.text) referenced from startup_gd32h7xx.o(RESET)
 <LI><a href="#[90]">CAN1_Busoff_IRQHandler</a> from startup_gd32h7xx.o(.text) referenced from startup_gd32h7xx.o(RESET)
 <LI><a href="#[91]">CAN1_Error_IRQHandler</a> from startup_gd32h7xx.o(.text) referenced from startup_gd32h7xx.o(RESET)
 <LI><a href="#[92]">CAN1_FastError_IRQHandler</a> from startup_gd32h7xx.o(.text) referenced from startup_gd32h7xx.o(RESET)
 <LI><a href="#[8f]">CAN1_Message_IRQHandler</a> from startup_gd32h7xx.o(.text) referenced from startup_gd32h7xx.o(RESET)
 <LI><a href="#[94]">CAN1_REC_IRQHandler</a> from startup_gd32h7xx.o(.text) referenced from startup_gd32h7xx.o(RESET)
 <LI><a href="#[93]">CAN1_TEC_IRQHandler</a> from startup_gd32h7xx.o(.text) referenced from startup_gd32h7xx.o(RESET)
 <LI><a href="#[8e]">CAN1_WKUP_IRQHandler</a> from startup_gd32h7xx.o(.text) referenced from startup_gd32h7xx.o(RESET)
 <LI><a href="#[97]">CAN2_Busoff_IRQHandler</a> from startup_gd32h7xx.o(.text) referenced from startup_gd32h7xx.o(RESET)
 <LI><a href="#[98]">CAN2_Error_IRQHandler</a> from startup_gd32h7xx.o(.text) referenced from startup_gd32h7xx.o(RESET)
 <LI><a href="#[99]">CAN2_FastError_IRQHandler</a> from startup_gd32h7xx.o(.text) referenced from startup_gd32h7xx.o(RESET)
 <LI><a href="#[96]">CAN2_Message_IRQHandler</a> from startup_gd32h7xx.o(.text) referenced from startup_gd32h7xx.o(RESET)
 <LI><a href="#[9b]">CAN2_REC_IRQHandler</a> from startup_gd32h7xx.o(.text) referenced from startup_gd32h7xx.o(RESET)
 <LI><a href="#[9a]">CAN2_TEC_IRQHandler</a> from startup_gd32h7xx.o(.text) referenced from startup_gd32h7xx.o(RESET)
 <LI><a href="#[95]">CAN2_WKUP_IRQHandler</a> from startup_gd32h7xx.o(.text) referenced from startup_gd32h7xx.o(RESET)
 <LI><a href="#[4f]">CAU_IRQHandler</a> from startup_gd32h7xx.o(.text) referenced from startup_gd32h7xx.o(RESET)
 <LI><a href="#[6e]">CMP0_1_IRQHandler</a> from startup_gd32h7xx.o(.text) referenced from startup_gd32h7xx.o(RESET)
 <LI><a href="#[6f]">CTC_IRQHandler</a> from startup_gd32h7xx.o(.text) referenced from startup_gd32h7xx.o(RESET)
 <LI><a href="#[4e]">DCI_IRQHandler</a> from startup_gd32h7xx.o(.text) referenced from startup_gd32h7xx.o(RESET)
 <LI><a href="#[15]">DMA0_Channel0_IRQHandler</a> from startup_gd32h7xx.o(.text) referenced from startup_gd32h7xx.o(RESET)
 <LI><a href="#[16]">DMA0_Channel1_IRQHandler</a> from startup_gd32h7xx.o(.text) referenced from startup_gd32h7xx.o(RESET)
 <LI><a href="#[17]">DMA0_Channel2_IRQHandler</a> from startup_gd32h7xx.o(.text) referenced from startup_gd32h7xx.o(RESET)
 <LI><a href="#[18]">DMA0_Channel3_IRQHandler</a> from startup_gd32h7xx.o(.text) referenced from startup_gd32h7xx.o(RESET)
 <LI><a href="#[19]">DMA0_Channel4_IRQHandler</a> from startup_gd32h7xx.o(.text) referenced from startup_gd32h7xx.o(RESET)
 <LI><a href="#[1a]">DMA0_Channel5_IRQHandler</a> from startup_gd32h7xx.o(.text) referenced from startup_gd32h7xx.o(RESET)
 <LI><a href="#[1b]">DMA0_Channel6_IRQHandler</a> from startup_gd32h7xx.o(.text) referenced from startup_gd32h7xx.o(RESET)
 <LI><a href="#[34]">DMA0_Channel7_IRQHandler</a> from startup_gd32h7xx.o(.text) referenced from startup_gd32h7xx.o(RESET)
 <LI><a href="#[3d]">DMA1_Channel0_IRQHandler</a> from startup_gd32h7xx.o(.text) referenced from startup_gd32h7xx.o(RESET)
 <LI><a href="#[3e]">DMA1_Channel1_IRQHandler</a> from startup_gd32h7xx.o(.text) referenced from startup_gd32h7xx.o(RESET)
 <LI><a href="#[3f]">DMA1_Channel2_IRQHandler</a> from startup_gd32h7xx.o(.text) referenced from startup_gd32h7xx.o(RESET)
 <LI><a href="#[40]">DMA1_Channel3_IRQHandler</a> from startup_gd32h7xx.o(.text) referenced from startup_gd32h7xx.o(RESET)
 <LI><a href="#[41]">DMA1_Channel4_IRQHandler</a> from startup_gd32h7xx.o(.text) referenced from startup_gd32h7xx.o(RESET)
 <LI><a href="#[44]">DMA1_Channel5_IRQHandler</a> from startup_gd32h7xx.o(.text) referenced from startup_gd32h7xx.o(RESET)
 <LI><a href="#[45]">DMA1_Channel6_IRQHandler</a> from startup_gd32h7xx.o(.text) referenced from startup_gd32h7xx.o(RESET)
 <LI><a href="#[46]">DMA1_Channel7_IRQHandler</a> from startup_gd32h7xx.o(.text) referenced from startup_gd32h7xx.o(RESET)
 <LI><a href="#[60]">DMAMUX_OVR_IRQHandler</a> from startup_gd32h7xx.o(.text) referenced from startup_gd32h7xx.o(RESET)
 <LI><a href="#[7]">DebugMon_Handler</a> from gd32h7xx_it.o(.text.DebugMon_Handler) referenced from startup_gd32h7xx.o(RESET)
 <LI><a href="#[9c]">EFUSE_IRQHandler</a> from startup_gd32h7xx.o(.text) referenced from startup_gd32h7xx.o(RESET)
 <LI><a href="#[42]">ENET0_IRQHandler</a> from enet.o(.text.ENET0_IRQHandler) referenced from startup_gd32h7xx.o(RESET)
 <LI><a href="#[43]">ENET0_WKUP_IRQHandler</a> from startup_gd32h7xx.o(.text) referenced from startup_gd32h7xx.o(RESET)
 <LI><a href="#[85]">ENET1_IRQHandler</a> from startup_gd32h7xx.o(.text) referenced from startup_gd32h7xx.o(RESET)
 <LI><a href="#[86]">ENET1_WKUP_IRQHandler</a> from startup_gd32h7xx.o(.text) referenced from startup_gd32h7xx.o(RESET)
 <LI><a href="#[35]">EXMC_IRQHandler</a> from startup_gd32h7xx.o(.text) referenced from startup_gd32h7xx.o(RESET)
 <LI><a href="#[10]">EXTI0_IRQHandler</a> from startup_gd32h7xx.o(.text) referenced from startup_gd32h7xx.o(RESET)
 <LI><a href="#[2e]">EXTI10_15_IRQHandler</a> from startup_gd32h7xx.o(.text) referenced from startup_gd32h7xx.o(RESET)
 <LI><a href="#[11]">EXTI1_IRQHandler</a> from startup_gd32h7xx.o(.text) referenced from startup_gd32h7xx.o(RESET)
 <LI><a href="#[12]">EXTI2_IRQHandler</a> from startup_gd32h7xx.o(.text) referenced from startup_gd32h7xx.o(RESET)
 <LI><a href="#[13]">EXTI3_IRQHandler</a> from startup_gd32h7xx.o(.text) referenced from startup_gd32h7xx.o(RESET)
 <LI><a href="#[14]">EXTI4_IRQHandler</a> from startup_gd32h7xx.o(.text) referenced from startup_gd32h7xx.o(RESET)
 <LI><a href="#[1d]">EXTI5_9_IRQHandler</a> from startup_gd32h7xx.o(.text) referenced from startup_gd32h7xx.o(RESET)
 <LI><a href="#[74]">FAC_IRQHandler</a> from startup_gd32h7xx.o(.text) referenced from startup_gd32h7xx.o(RESET)
 <LI><a href="#[e]">FMC_IRQHandler</a> from startup_gd32h7xx.o(.text) referenced from startup_gd32h7xx.o(RESET)
 <LI><a href="#[51]">FPU_IRQHandler</a> from gd32h7xx_it.o(.text.FPU_IRQHandler) referenced from startup_gd32h7xx.o(RESET)
 <LI><a href="#[50]">HAU_TRNG_IRQHandler</a> from startup_gd32h7xx.o(.text) referenced from startup_gd32h7xx.o(RESET)
 <LI><a href="#[61]">HPDF_INT0_IRQHandler</a> from startup_gd32h7xx.o(.text) referenced from startup_gd32h7xx.o(RESET)
 <LI><a href="#[62]">HPDF_INT1_IRQHandler</a> from startup_gd32h7xx.o(.text) referenced from startup_gd32h7xx.o(RESET)
 <LI><a href="#[63]">HPDF_INT2_IRQHandler</a> from startup_gd32h7xx.o(.text) referenced from startup_gd32h7xx.o(RESET)
 <LI><a href="#[64]">HPDF_INT3_IRQHandler</a> from startup_gd32h7xx.o(.text) referenced from startup_gd32h7xx.o(RESET)
 <LI><a href="#[6c]">HWSEM_IRQHandler</a> from startup_gd32h7xx.o(.text) referenced from startup_gd32h7xx.o(RESET)
 <LI><a href="#[2]">HardFault_Handler</a> from gd32h7xx_it.o(.text.HardFault_Handler) referenced from startup_gd32h7xx.o(RESET)
 <LI><a href="#[26]">I2C0_ER_IRQHandler</a> from startup_gd32h7xx.o(.text) referenced from startup_gd32h7xx.o(RESET)
 <LI><a href="#[25]">I2C0_EV_IRQHandler</a> from startup_gd32h7xx.o(.text) referenced from startup_gd32h7xx.o(RESET)
 <LI><a href="#[9d]">I2C0_WKUP_IRQHandler</a> from startup_gd32h7xx.o(.text) referenced from startup_gd32h7xx.o(RESET)
 <LI><a href="#[28]">I2C1_ER_IRQHandler</a> from startup_gd32h7xx.o(.text) referenced from startup_gd32h7xx.o(RESET)
 <LI><a href="#[27]">I2C1_EV_IRQHandler</a> from startup_gd32h7xx.o(.text) referenced from startup_gd32h7xx.o(RESET)
 <LI><a href="#[9e]">I2C1_WKUP_IRQHandler</a> from startup_gd32h7xx.o(.text) referenced from startup_gd32h7xx.o(RESET)
 <LI><a href="#[49]">I2C2_ER_IRQHandler</a> from startup_gd32h7xx.o(.text) referenced from startup_gd32h7xx.o(RESET)
 <LI><a href="#[48]">I2C2_EV_IRQHandler</a> from startup_gd32h7xx.o(.text) referenced from startup_gd32h7xx.o(RESET)
 <LI><a href="#[9f]">I2C2_WKUP_IRQHandler</a> from startup_gd32h7xx.o(.text) referenced from startup_gd32h7xx.o(RESET)
 <LI><a href="#[5e]">I2C3_ER_IRQHandler</a> from startup_gd32h7xx.o(.text) referenced from startup_gd32h7xx.o(RESET)
 <LI><a href="#[5d]">I2C3_EV_IRQHandler</a> from startup_gd32h7xx.o(.text) referenced from startup_gd32h7xx.o(RESET)
 <LI><a href="#[a0]">I2C3_WKUP_IRQHandler</a> from startup_gd32h7xx.o(.text) referenced from startup_gd32h7xx.o(RESET)
 <LI><a href="#[5a]">IPA_IRQHandler</a> from startup_gd32h7xx.o(.text) referenced from startup_gd32h7xx.o(RESET)
 <LI><a href="#[a1]">LPDTS_IRQHandler</a> from startup_gd32h7xx.o(.text) referenced from startup_gd32h7xx.o(RESET)
 <LI><a href="#[a2]">LPDTS_WKUP_IRQHandler</a> from startup_gd32h7xx.o(.text) referenced from startup_gd32h7xx.o(RESET)
 <LI><a href="#[69]">MDIO_IRQHandler</a> from startup_gd32h7xx.o(.text) referenced from startup_gd32h7xx.o(RESET)
 <LI><a href="#[6a]">MDMA_IRQHandler</a> from startup_gd32h7xx.o(.text) referenced from startup_gd32h7xx.o(RESET)
 <LI><a href="#[3]">MemManage_Handler</a> from gd32h7xx_it.o(.text.MemManage_Handler) referenced from startup_gd32h7xx.o(RESET)
 <LI><a href="#[1]">NMI_Handler</a> from gd32h7xx_it.o(.text.NMI_Handler) referenced from startup_gd32h7xx.o(RESET)
 <LI><a href="#[5c]">OSPI0_IRQHandler</a> from startup_gd32h7xx.o(.text) referenced from startup_gd32h7xx.o(RESET)
 <LI><a href="#[71]">OSPI1_IRQHandler</a> from startup_gd32h7xx.o(.text) referenced from startup_gd32h7xx.o(RESET)
 <LI><a href="#[8]">PendSV_Handler</a> from port.o(.text.PendSV_Handler) referenced 2 times from port.o(.text.xPortStartScheduler)
 <LI><a href="#[8]">PendSV_Handler</a> from port.o(.text.PendSV_Handler) referenced from startup_gd32h7xx.o(RESET)
 <LI><a href="#[70]">RAMECCMU_IRQHandler</a> from startup_gd32h7xx.o(.text) referenced from startup_gd32h7xx.o(RESET)
 <LI><a href="#[f]">RCU_IRQHandler</a> from startup_gd32h7xx.o(.text) referenced from startup_gd32h7xx.o(RESET)
 <LI><a href="#[5f]">RSPDIF_IRQHandler</a> from startup_gd32h7xx.o(.text) referenced from startup_gd32h7xx.o(RESET)
 <LI><a href="#[2f]">RTC_Alarm_IRQHandler</a> from startup_gd32h7xx.o(.text) referenced from startup_gd32h7xx.o(RESET)
 <LI><a href="#[d]">RTC_WKUP_IRQHandler</a> from startup_gd32h7xx.o(.text) referenced from startup_gd32h7xx.o(RESET)
 <LI><a href="#[72]">RTDEC0_IRQHandler</a> from startup_gd32h7xx.o(.text) referenced from startup_gd32h7xx.o(RESET)
 <LI><a href="#[73]">RTDEC1_IRQHandler</a> from startup_gd32h7xx.o(.text) referenced from startup_gd32h7xx.o(RESET)
 <LI><a href="#[0]">Reset_Handler</a> from startup_gd32h7xx.o(.text) referenced from startup_gd32h7xx.o(RESET)
 <LI><a href="#[57]">SAI0_IRQHandler</a> from startup_gd32h7xx.o(.text) referenced from startup_gd32h7xx.o(RESET)
 <LI><a href="#[5b]">SAI1_IRQHandler</a> from startup_gd32h7xx.o(.text) referenced from startup_gd32h7xx.o(RESET)
 <LI><a href="#[65]">SAI2_IRQHandler</a> from startup_gd32h7xx.o(.text) referenced from startup_gd32h7xx.o(RESET)
 <LI><a href="#[36]">SDIO0_IRQHandler</a> from startup_gd32h7xx.o(.text) referenced from startup_gd32h7xx.o(RESET)
 <LI><a href="#[6b]">SDIO1_IRQHandler</a> from startup_gd32h7xx.o(.text) referenced from startup_gd32h7xx.o(RESET)
 <LI><a href="#[29]">SPI0_IRQHandler</a> from startup_gd32h7xx.o(.text) referenced from startup_gd32h7xx.o(RESET)
 <LI><a href="#[2a]">SPI1_IRQHandler</a> from startup_gd32h7xx.o(.text) referenced from startup_gd32h7xx.o(RESET)
 <LI><a href="#[38]">SPI2_IRQHandler</a> from startup_gd32h7xx.o(.text) referenced from startup_gd32h7xx.o(RESET)
 <LI><a href="#[54]">SPI3_IRQHandler</a> from startup_gd32h7xx.o(.text) referenced from startup_gd32h7xx.o(RESET)
 <LI><a href="#[55]">SPI4_IRQHandler</a> from startup_gd32h7xx.o(.text) referenced from startup_gd32h7xx.o(RESET)
 <LI><a href="#[56]">SPI5_IRQHandler</a> from startup_gd32h7xx.o(.text) referenced from startup_gd32h7xx.o(RESET)
 <LI><a href="#[6]">SVC_Handler</a> from port.o(.text.SVC_Handler) referenced 2 times from port.o(.text.xPortStartScheduler)
 <LI><a href="#[6]">SVC_Handler</a> from port.o(.text.SVC_Handler) referenced from startup_gd32h7xx.o(RESET)
 <LI><a href="#[9]">SysTick_Handler</a> from gd32h7xx_it.o(.text.SysTick_Handler) referenced from startup_gd32h7xx.o(RESET)
 <LI><a href="#[ae]">SystemInit</a> from system_gd32h7xx.o(.text.SystemInit) referenced from startup_gd32h7xx.o(.text)
 <LI><a href="#[c]">TAMPER_STAMP_LXTAL_IRQHandler</a> from startup_gd32h7xx.o(.text) referenced from startup_gd32h7xx.o(RESET)
 <LI><a href="#[b1]">TCP_Server_Tsk</a> from app_task.o(.text.TCP_Server_Tsk) referenced 2 times from app_task.o(.text.Tcp_Server_Tsk_Init)
 <LI><a href="#[1e]">TIMER0_BRK_IRQHandler</a> from startup_gd32h7xx.o(.text) referenced from startup_gd32h7xx.o(RESET)
 <LI><a href="#[21]">TIMER0_Channel_IRQHandler</a> from startup_gd32h7xx.o(.text) referenced from startup_gd32h7xx.o(RESET)
 <LI><a href="#[a3]">TIMER0_DEC_IRQHandler</a> from startup_gd32h7xx.o(.text) referenced from startup_gd32h7xx.o(RESET)
 <LI><a href="#[20]">TIMER0_TRG_CMT_IRQHandler</a> from startup_gd32h7xx.o(.text) referenced from startup_gd32h7xx.o(RESET)
 <LI><a href="#[1f]">TIMER0_UP_IRQHandler</a> from startup_gd32h7xx.o(.text) referenced from startup_gd32h7xx.o(RESET)
 <LI><a href="#[66]">TIMER14_IRQHandler</a> from startup_gd32h7xx.o(.text) referenced from startup_gd32h7xx.o(RESET)
 <LI><a href="#[67]">TIMER15_IRQHandler</a> from startup_gd32h7xx.o(.text) referenced from startup_gd32h7xx.o(RESET)
 <LI><a href="#[68]">TIMER16_IRQHandler</a> from startup_gd32h7xx.o(.text) referenced from startup_gd32h7xx.o(RESET)
 <LI><a href="#[a5]">TIMER1_DEC_IRQHandler</a> from startup_gd32h7xx.o(.text) referenced from startup_gd32h7xx.o(RESET)
 <LI><a href="#[22]">TIMER1_IRQHandler</a> from startup_gd32h7xx.o(.text) referenced from startup_gd32h7xx.o(RESET)
 <LI><a href="#[a9]">TIMER22_DEC_IRQHandler</a> from startup_gd32h7xx.o(.text) referenced from startup_gd32h7xx.o(RESET)
 <LI><a href="#[76]">TIMER22_IRQHandler</a> from startup_gd32h7xx.o(.text) referenced from startup_gd32h7xx.o(RESET)
 <LI><a href="#[aa]">TIMER23_DEC_IRQHandler</a> from startup_gd32h7xx.o(.text) referenced from startup_gd32h7xx.o(RESET)
 <LI><a href="#[77]">TIMER23_IRQHandler</a> from startup_gd32h7xx.o(.text) referenced from startup_gd32h7xx.o(RESET)
 <LI><a href="#[a6]">TIMER2_DEC_IRQHandler</a> from startup_gd32h7xx.o(.text) referenced from startup_gd32h7xx.o(RESET)
 <LI><a href="#[23]">TIMER2_IRQHandler</a> from startup_gd32h7xx.o(.text) referenced from startup_gd32h7xx.o(RESET)
 <LI><a href="#[ab]">TIMER30_DEC_IRQHandler</a> from startup_gd32h7xx.o(.text) referenced from startup_gd32h7xx.o(RESET)
 <LI><a href="#[78]">TIMER30_IRQHandler</a> from startup_gd32h7xx.o(.text) referenced from startup_gd32h7xx.o(RESET)
 <LI><a href="#[ac]">TIMER31_DEC_IRQHandler</a> from startup_gd32h7xx.o(.text) referenced from startup_gd32h7xx.o(RESET)
 <LI><a href="#[79]">TIMER31_IRQHandler</a> from startup_gd32h7xx.o(.text) referenced from startup_gd32h7xx.o(RESET)
 <LI><a href="#[a7]">TIMER3_DEC_IRQHandler</a> from startup_gd32h7xx.o(.text) referenced from startup_gd32h7xx.o(RESET)
 <LI><a href="#[24]">TIMER3_IRQHandler</a> from startup_gd32h7xx.o(.text) referenced from startup_gd32h7xx.o(RESET)
 <LI><a href="#[7a]">TIMER40_IRQHandler</a> from startup_gd32h7xx.o(.text) referenced from startup_gd32h7xx.o(RESET)
 <LI><a href="#[7b]">TIMER41_IRQHandler</a> from startup_gd32h7xx.o(.text) referenced from startup_gd32h7xx.o(RESET)
 <LI><a href="#[7c]">TIMER42_IRQHandler</a> from startup_gd32h7xx.o(.text) referenced from startup_gd32h7xx.o(RESET)
 <LI><a href="#[7d]">TIMER43_IRQHandler</a> from startup_gd32h7xx.o(.text) referenced from startup_gd32h7xx.o(RESET)
 <LI><a href="#[7e]">TIMER44_IRQHandler</a> from startup_gd32h7xx.o(.text) referenced from startup_gd32h7xx.o(RESET)
 <LI><a href="#[a8]">TIMER4_DEC_IRQHandler</a> from startup_gd32h7xx.o(.text) referenced from startup_gd32h7xx.o(RESET)
 <LI><a href="#[37]">TIMER4_IRQHandler</a> from startup_gd32h7xx.o(.text) referenced from startup_gd32h7xx.o(RESET)
 <LI><a href="#[7f]">TIMER50_IRQHandler</a> from startup_gd32h7xx.o(.text) referenced from startup_gd32h7xx.o(RESET)
 <LI><a href="#[80]">TIMER51_IRQHandler</a> from startup_gd32h7xx.o(.text) referenced from startup_gd32h7xx.o(RESET)
 <LI><a href="#[3b]">TIMER5_DAC_UDR_IRQHandler</a> from startup_gd32h7xx.o(.text) referenced from startup_gd32h7xx.o(RESET)
 <LI><a href="#[3c]">TIMER6_IRQHandler</a> from startup_gd32h7xx.o(.text) referenced from startup_gd32h7xx.o(RESET)
 <LI><a href="#[30]">TIMER7_BRK_IRQHandler</a> from startup_gd32h7xx.o(.text) referenced from startup_gd32h7xx.o(RESET)
 <LI><a href="#[33]">TIMER7_Channel_IRQHandler</a> from startup_gd32h7xx.o(.text) referenced from startup_gd32h7xx.o(RESET)
 <LI><a href="#[a4]">TIMER7_DEC_IRQHandler</a> from startup_gd32h7xx.o(.text) referenced from startup_gd32h7xx.o(RESET)
 <LI><a href="#[32]">TIMER7_TRG_CMT_IRQHandler</a> from startup_gd32h7xx.o(.text) referenced from startup_gd32h7xx.o(RESET)
 <LI><a href="#[31]">TIMER7_UP_IRQHandler</a> from startup_gd32h7xx.o(.text) referenced from startup_gd32h7xx.o(RESET)
 <LI><a href="#[59]">TLI_ER_IRQHandler</a> from startup_gd32h7xx.o(.text) referenced from startup_gd32h7xx.o(RESET)
 <LI><a href="#[58]">TLI_IRQHandler</a> from startup_gd32h7xx.o(.text) referenced from startup_gd32h7xx.o(RESET)
 <LI><a href="#[75]">TMU_IRQHandler</a> from startup_gd32h7xx.o(.text) referenced from startup_gd32h7xx.o(RESET)
 <LI><a href="#[39]">UART3_IRQHandler</a> from startup_gd32h7xx.o(.text) referenced from startup_gd32h7xx.o(RESET)
 <LI><a href="#[3a]">UART4_IRQHandler</a> from startup_gd32h7xx.o(.text) referenced from startup_gd32h7xx.o(RESET)
 <LI><a href="#[52]">UART6_IRQHandler</a> from startup_gd32h7xx.o(.text) referenced from startup_gd32h7xx.o(RESET)
 <LI><a href="#[53]">UART7_IRQHandler</a> from startup_gd32h7xx.o(.text) referenced from startup_gd32h7xx.o(RESET)
 <LI><a href="#[2b]">USART0_IRQHandler</a> from usart.o(.text.USART0_IRQHandler) referenced from startup_gd32h7xx.o(RESET)
 <LI><a href="#[2c]">USART1_IRQHandler</a> from startup_gd32h7xx.o(.text) referenced from startup_gd32h7xx.o(RESET)
 <LI><a href="#[2d]">USART2_IRQHandler</a> from startup_gd32h7xx.o(.text) referenced from startup_gd32h7xx.o(RESET)
 <LI><a href="#[47]">USART5_IRQHandler</a> from startup_gd32h7xx.o(.text) referenced from startup_gd32h7xx.o(RESET)
 <LI><a href="#[4b]">USBHS0_EP1_IN_IRQHandler</a> from startup_gd32h7xx.o(.text) referenced from startup_gd32h7xx.o(RESET)
 <LI><a href="#[4a]">USBHS0_EP1_OUT_IRQHandler</a> from startup_gd32h7xx.o(.text) referenced from startup_gd32h7xx.o(RESET)
 <LI><a href="#[4d]">USBHS0_IRQHandler</a> from startup_gd32h7xx.o(.text) referenced from startup_gd32h7xx.o(RESET)
 <LI><a href="#[4c]">USBHS0_WKUP_IRQHandler</a> from startup_gd32h7xx.o(.text) referenced from startup_gd32h7xx.o(RESET)
 <LI><a href="#[82]">USBHS1_EP1_IN_IRQHandler</a> from startup_gd32h7xx.o(.text) referenced from startup_gd32h7xx.o(RESET)
 <LI><a href="#[81]">USBHS1_EP1_OUT_IRQHandler</a> from startup_gd32h7xx.o(.text) referenced from startup_gd32h7xx.o(RESET)
 <LI><a href="#[84]">USBHS1_IRQHandler</a> from startup_gd32h7xx.o(.text) referenced from startup_gd32h7xx.o(RESET)
 <LI><a href="#[83]">USBHS1_WKUP_IRQHandler</a> from startup_gd32h7xx.o(.text) referenced from startup_gd32h7xx.o(RESET)
 <LI><a href="#[5]">UsageFault_Handler</a> from gd32h7xx_it.o(.text.UsageFault_Handler) referenced from startup_gd32h7xx.o(RESET)
 <LI><a href="#[b]">VAVD_LVD_VOVD_IRQHandler</a> from startup_gd32h7xx.o(.text) referenced from startup_gd32h7xx.o(RESET)
 <LI><a href="#[a]">WWDGT_IRQHandler</a> from startup_gd32h7xx.o(.text) referenced from startup_gd32h7xx.o(RESET)
 <LI><a href="#[af]">__main</a> from entry.o(.ARM.Collect$$$$00000000) referenced from startup_gd32h7xx.o(.text)
 <LI><a href="#[dc]">_modbus_set_slave</a> from modbus-tcp.o(.text._modbus_set_slave) referenced from modbus-tcp.o(.rodata._modbus_tcp_backend)
 <LI><a href="#[dd]">_modbus_tcp_build_request_basis</a> from modbus-tcp.o(.text._modbus_tcp_build_request_basis) referenced from modbus-tcp.o(.rodata._modbus_tcp_backend)
 <LI><a href="#[de]">_modbus_tcp_build_response_basis</a> from modbus-tcp.o(.text._modbus_tcp_build_response_basis) referenced from modbus-tcp.o(.rodata._modbus_tcp_backend)
 <LI><a href="#[e4]">_modbus_tcp_check_integrity</a> from modbus-tcp.o(.text._modbus_tcp_check_integrity) referenced from modbus-tcp.o(.rodata._modbus_tcp_backend)
 <LI><a href="#[e8]">_modbus_tcp_close</a> from modbus-tcp.o(.text._modbus_tcp_close) referenced from modbus-tcp.o(.rodata._modbus_tcp_backend)
 <LI><a href="#[e6]">_modbus_tcp_connect</a> from modbus-tcp.o(.text._modbus_tcp_connect) referenced from modbus-tcp.o(.rodata._modbus_tcp_backend)
 <LI><a href="#[e9]">_modbus_tcp_flush</a> from modbus-tcp.o(.text._modbus_tcp_flush) referenced from modbus-tcp.o(.rodata._modbus_tcp_backend)
 <LI><a href="#[eb]">_modbus_tcp_free</a> from modbus-tcp.o(.text._modbus_tcp_free) referenced from modbus-tcp.o(.rodata._modbus_tcp_backend)
 <LI><a href="#[df]">_modbus_tcp_get_response_tid</a> from modbus-tcp.o(.text._modbus_tcp_get_response_tid) referenced from modbus-tcp.o(.rodata._modbus_tcp_backend)
 <LI><a href="#[e7]">_modbus_tcp_is_connected</a> from modbus-tcp.o(.text._modbus_tcp_is_connected) referenced from modbus-tcp.o(.rodata._modbus_tcp_backend)
 <LI><a href="#[e5]">_modbus_tcp_pre_check_confirmation</a> from modbus-tcp.o(.text._modbus_tcp_pre_check_confirmation) referenced from modbus-tcp.o(.rodata._modbus_tcp_backend)
 <LI><a href="#[e2]">_modbus_tcp_receive</a> from modbus-tcp.o(.text._modbus_tcp_receive) referenced from modbus-tcp.o(.rodata._modbus_tcp_backend)
 <LI><a href="#[e3]">_modbus_tcp_recv</a> from modbus-tcp.o(.text._modbus_tcp_recv) referenced from modbus-tcp.o(.rodata._modbus_tcp_backend)
 <LI><a href="#[ea]">_modbus_tcp_select</a> from modbus-tcp.o(.text._modbus_tcp_select) referenced from modbus-tcp.o(.rodata._modbus_tcp_backend)
 <LI><a href="#[e1]">_modbus_tcp_send</a> from modbus-tcp.o(.text._modbus_tcp_send) referenced from modbus-tcp.o(.rodata._modbus_tcp_backend)
 <LI><a href="#[e0]">_modbus_tcp_send_msg_pre</a> from modbus-tcp.o(.text._modbus_tcp_send_msg_pre) referenced from modbus-tcp.o(.rodata._modbus_tcp_backend)
 <LI><a href="#[bf]">accept_function</a> from api_msg.o(.text.accept_function) referenced 2 times from api_msg.o(.text.lwip_netconn_do_listen)
 <LI><a href="#[f1]">acd_tmr</a> from acd.o(.text.acd_tmr) referenced from timeouts.o(.rodata.lwip_cyclic_timers)
 <LI><a href="#[ef]">dhcp_coarse_tmr</a> from dhcp.o(.text.dhcp_coarse_tmr) referenced from timeouts.o(.rodata.lwip_cyclic_timers)
 <LI><a href="#[b3]">dhcp_conflict_callback</a> from dhcp.o(.text.dhcp_conflict_callback) referenced 2 times from dhcp.o(.text.dhcp_start)
 <LI><a href="#[f0]">dhcp_fine_tmr</a> from dhcp.o(.text.dhcp_fine_tmr) referenced from timeouts.o(.rodata.lwip_cyclic_timers)
 <LI><a href="#[b2]">dhcp_recv</a> from dhcp.o(.text.dhcp_recv) referenced 2 times from dhcp.o(.text.dhcp_inc_pcb_refcount)
 <LI><a href="#[bd]">err_tcp</a> from api_msg.o(.text.err_tcp) referenced 2 times from api_msg.o(.text.lwip_netconn_do_close_internal)
 <LI><a href="#[bd]">err_tcp</a> from api_msg.o(.text.err_tcp) referenced 2 times from api_msg.o(.text.setup_tcp)
 <LI><a href="#[b4]">etharp_output</a> from etharp.o(.text.etharp_output) referenced 2 times from ethernetif.o(.text.ethernetif_init)
 <LI><a href="#[ee]">etharp_tmr</a> from etharp.o(.text.etharp_tmr) referenced from timeouts.o(.rodata.lwip_cyclic_timers)
 <LI><a href="#[d9]">ethernet_input</a> from ethernet.o(.text.ethernet_input) referenced 2 times from tcpip.o(.text.tcpip_input)
 <LI><a href="#[c2]">ethernetif_init</a> from ethernetif.o(.text.ethernetif_init) referenced 2 times from app_task.o(.text.lwip_stack_init)
 <LI><a href="#[b8]">ethernetif_input</a> from ethernetif.o(.text.ethernetif_input) referenced 2 times from ethernetif.o(.text.low_level_init)
 <LI><a href="#[c1]">event_callback</a> from sockets.o(.text.event_callback) referenced 5 times from sockets.o(.text.lwip_socket)
 <LI><a href="#[db]">fputc</a> from main.o(.text.fputc) referenced from printfa.o(i.__0fprintf)
 <LI><a href="#[db]">fputc</a> from main.o(.text.fputc) referenced from printfa.o(i.__0printf)
 <LI><a href="#[db]">fputc</a> from main.o(.text.fputc) referenced from printfa.o(i.__0vfprintf)
 <LI><a href="#[b0]">init_tsk</a> from app_task.o(.text.init_tsk) referenced 2 times from app_task.o(.text.FreeRTOS_Task_Create_And_Start)
 <LI><a href="#[d8]">ip4_input</a> from ip4.o(.text.ip4_input) referenced 2 times from tcpip.o(.text.tcpip_input)
 <LI><a href="#[ed]">ip_reass_tmr</a> from ip4_frag.o(.text.ip_reass_tmr) referenced from timeouts.o(.rodata.lwip_cyclic_timers)
 <LI><a href="#[b7]">ipfrag_free_pbuf_custom</a> from ip4_frag.o(.text.ipfrag_free_pbuf_custom) referenced 2 times from ip4_frag.o(.text.ip4_frag)
 <LI><a href="#[b6]">led_tsk</a> from app_task.o(.text.led_tsk) referenced 2 times from app_task.o(.text.init_tsk)
 <LI><a href="#[b5]">low_level_output</a> from ethernetif.o(.text.low_level_output) referenced 2 times from ethernetif.o(.text.ethernetif_init)
 <LI><a href="#[b9]">lwip_cyclic_timer</a> from timeouts.o(.text.lwip_cyclic_timer) referenced 2 times from timeouts.o(.text.lwip_cyclic_timer)
 <LI><a href="#[b9]">lwip_cyclic_timer</a> from timeouts.o(.text.lwip_cyclic_timer) referenced 2 times from timeouts.o(.text.sys_timeouts_init)
 <LI><a href="#[ba]">lwip_getsockopt_callback</a> from sockets.o(.text.lwip_getsockopt_callback) referenced 2 times from sockets.o(.text.lwip_getsockopt)
 <LI><a href="#[c4]">lwip_netconn_do_bind</a> from api_msg.o(.text.lwip_netconn_do_bind) referenced 2 times from api_lib.o(.text.netconn_bind)
 <LI><a href="#[c5]">lwip_netconn_do_close</a> from api_msg.o(.text.lwip_netconn_do_close) referenced 2 times from api_lib.o(.text.netconn_close_shutdown)
 <LI><a href="#[c6]">lwip_netconn_do_connect</a> from api_msg.o(.text.lwip_netconn_do_connect) referenced 2 times from api_lib.o(.text.netconn_connect)
 <LI><a href="#[be]">lwip_netconn_do_connected</a> from api_msg.o(.text.lwip_netconn_do_connected) referenced 2 times from api_msg.o(.text.lwip_netconn_do_connect)
 <LI><a href="#[cb]">lwip_netconn_do_delconn</a> from api_msg.o(.text.lwip_netconn_do_delconn) referenced 2 times from api_lib.o(.text.netconn_prepare_delete)
 <LI><a href="#[c7]">lwip_netconn_do_disconnect</a> from api_msg.o(.text.lwip_netconn_do_disconnect) referenced 2 times from api_lib.o(.text.netconn_disconnect)
 <LI><a href="#[c8]">lwip_netconn_do_getaddr</a> from api_msg.o(.text.lwip_netconn_do_getaddr) referenced 2 times from api_lib.o(.text.netconn_getaddr)
 <LI><a href="#[c9]">lwip_netconn_do_listen</a> from api_msg.o(.text.lwip_netconn_do_listen) referenced 2 times from api_lib.o(.text.netconn_listen_with_backlog)
 <LI><a href="#[ca]">lwip_netconn_do_newconn</a> from api_msg.o(.text.lwip_netconn_do_newconn) referenced 2 times from api_lib.o(.text.netconn_new_with_proto_and_callback)
 <LI><a href="#[cd]">lwip_netconn_do_recv</a> from api_msg.o(.text.lwip_netconn_do_recv) referenced 2 times from api_lib.o(.text.netconn_tcp_recvd_msg)
 <LI><a href="#[cc]">lwip_netconn_do_send</a> from api_msg.o(.text.lwip_netconn_do_send) referenced 2 times from api_lib.o(.text.netconn_send)
 <LI><a href="#[ce]">lwip_netconn_do_write</a> from api_msg.o(.text.lwip_netconn_do_write) referenced 2 times from api_lib.o(.text.netconn_write_vectors_partly)
 <LI><a href="#[c0]">lwip_setsockopt_callback</a> from sockets.o(.text.lwip_setsockopt_callback) referenced 2 times from sockets.o(.text.lwip_setsockopt)
 <LI><a href="#[ad]">main</a> from main.o(.text.main) referenced from entry9a.o(.ARM.Collect$$$$0000000B)
 <LI><a href="#[cf]">netif_null_output_ip4</a> from netif.o(.text.netif_null_output_ip4) referenced 2 times from netif.o(.text.netif_add)
 <LI><a href="#[bc]">poll_tcp</a> from api_msg.o(.text.poll_tcp) referenced 2 times from api_msg.o(.text.lwip_netconn_do_close_internal)
 <LI><a href="#[bc]">poll_tcp</a> from api_msg.o(.text.poll_tcp) referenced 2 times from api_msg.o(.text.setup_tcp)
 <LI><a href="#[d1]">prvIdleTask</a> from tasks.o(.text.prvIdleTask) referenced 2 times from tasks.o(.text.prvCreateIdleTasks)
 <LI><a href="#[d2]">prvTaskExitError</a> from port.o(.text.prvTaskExitError) referenced 2 times from port.o(.text.pxPortInitialiseStack)
 <LI><a href="#[da]">prvTimerTask</a> from timers.o(.text.prvTimerTask) referenced 2 times from timers.o(.text.xTimerCreateTimerTask)
 <LI><a href="#[d3]">recv_tcp</a> from api_msg.o(.text.recv_tcp) referenced 2 times from api_msg.o(.text.setup_tcp)
 <LI><a href="#[d0]">recv_udp</a> from api_msg.o(.text.recv_udp) referenced 2 times from api_msg.o(.text.pcb_new)
 <LI><a href="#[bb]">sent_tcp</a> from api_msg.o(.text.sent_tcp) referenced 2 times from api_msg.o(.text.lwip_netconn_do_close_internal)
 <LI><a href="#[bb]">sent_tcp</a> from api_msg.o(.text.sent_tcp) referenced 2 times from api_msg.o(.text.setup_tcp)
 <LI><a href="#[d5]">tcp_accept_null</a> from tcp.o(.text.tcp_accept_null) referenced 2 times from tcp.o(.text.tcp_listen_with_backlog_and_err)
 <LI><a href="#[d4]">tcp_recv_null</a> from tcp.o(.text.tcp_recv_null) referenced 2 times from tcp.o(.text.tcp_alloc)
 <LI><a href="#[ec]">tcp_tmr</a> from tcp.o(.text.tcp_tmr) referenced from timeouts.o(.rodata.lwip_cyclic_timers)
 <LI><a href="#[c3]">tcpip_input</a> from tcpip.o(.text.tcpip_input) referenced 2 times from app_task.o(.text.lwip_stack_init)
 <LI><a href="#[d6]">tcpip_tcp_timer</a> from timeouts.o(.text.tcpip_tcp_timer) referenced 2 times from timeouts.o(.text.tcp_timer_needed)
 <LI><a href="#[d6]">tcpip_tcp_timer</a> from timeouts.o(.text.tcpip_tcp_timer) referenced 2 times from timeouts.o(.text.tcpip_tcp_timer)
 <LI><a href="#[d7]">tcpip_thread</a> from tcpip.o(.text.tcpip_thread) referenced 2 times from tcpip.o(.text.tcpip_init)
</UL>
<P>
<H3>
Global Symbols
</H3>
<P><STRONG><a name="[af]"></a>__main</STRONG> (Thumb, 0 bytes, Stack size unknown bytes, entry.o(.ARM.Collect$$$$00000000))
<BR>[Address Reference Count : 1]<UL><LI> startup_gd32h7xx.o(.text)
</UL>
<P><STRONG><a name="[315]"></a>_main_stk</STRONG> (Thumb, 0 bytes, Stack size unknown bytes, entry2.o(.ARM.Collect$$$$00000001))

<P><STRONG><a name="[f3]"></a>_main_scatterload</STRONG> (Thumb, 0 bytes, Stack size unknown bytes, entry5.o(.ARM.Collect$$$$00000004))
<BR><BR>[Calls]<UL><LI><a href="#[f4]">&gt;&gt;</a>&nbsp;&nbsp;&nbsp;__scatterload
</UL>

<P><STRONG><a name="[109]"></a>__main_after_scatterload</STRONG> (Thumb, 0 bytes, Stack size unknown bytes, entry5.o(.ARM.Collect$$$$00000004))
<BR><BR>[Called By]<UL><LI><a href="#[f4]">&gt;&gt;</a>&nbsp;&nbsp;&nbsp;__scatterload
</UL>

<P><STRONG><a name="[316]"></a>_main_clock</STRONG> (Thumb, 0 bytes, Stack size unknown bytes, entry7b.o(.ARM.Collect$$$$00000008))

<P><STRONG><a name="[317]"></a>_main_cpp_init</STRONG> (Thumb, 0 bytes, Stack size unknown bytes, entry8b.o(.ARM.Collect$$$$0000000A))

<P><STRONG><a name="[318]"></a>_main_init</STRONG> (Thumb, 0 bytes, Stack size unknown bytes, entry9a.o(.ARM.Collect$$$$0000000B))

<P><STRONG><a name="[319]"></a>__rt_final_cpp</STRONG> (Thumb, 0 bytes, Stack size unknown bytes, entry10a.o(.ARM.Collect$$$$0000000D))

<P><STRONG><a name="[31a]"></a>__rt_final_exit</STRONG> (Thumb, 0 bytes, Stack size unknown bytes, entry11a.o(.ARM.Collect$$$$0000000F))

<P><STRONG><a name="[0]"></a>Reset_Handler</STRONG> (Thumb, 26 bytes, Stack size 0 bytes, startup_gd32h7xx.o(.text))
<BR>[Address Reference Count : 1]<UL><LI> startup_gd32h7xx.o(RESET)
</UL>
<P><STRONG><a name="[1c]"></a>ADC0_1_IRQHandler</STRONG> (Thumb, 0 bytes, Stack size 0 bytes, startup_gd32h7xx.o(.text))
<BR><BR>[Calls]<UL><LI><a href="#[1c]">&gt;&gt;</a>&nbsp;&nbsp;&nbsp;ADC0_1_IRQHandler
</UL>
<BR>[Called By]<UL><LI><a href="#[1c]">&gt;&gt;</a>&nbsp;&nbsp;&nbsp;ADC0_1_IRQHandler
</UL>
<BR>[Address Reference Count : 1]<UL><LI> startup_gd32h7xx.o(RESET)
</UL>
<P><STRONG><a name="[6d]"></a>ADC2_IRQHandler</STRONG> (Thumb, 0 bytes, Stack size 0 bytes, startup_gd32h7xx.o(.text))
<BR>[Address Reference Count : 1]<UL><LI> startup_gd32h7xx.o(RESET)
</UL>
<P><STRONG><a name="[89]"></a>CAN0_Busoff_IRQHandler</STRONG> (Thumb, 0 bytes, Stack size 0 bytes, startup_gd32h7xx.o(.text))
<BR>[Address Reference Count : 1]<UL><LI> startup_gd32h7xx.o(RESET)
</UL>
<P><STRONG><a name="[8a]"></a>CAN0_Error_IRQHandler</STRONG> (Thumb, 0 bytes, Stack size 0 bytes, startup_gd32h7xx.o(.text))
<BR>[Address Reference Count : 1]<UL><LI> startup_gd32h7xx.o(RESET)
</UL>
<P><STRONG><a name="[8b]"></a>CAN0_FastError_IRQHandler</STRONG> (Thumb, 0 bytes, Stack size 0 bytes, startup_gd32h7xx.o(.text))
<BR>[Address Reference Count : 1]<UL><LI> startup_gd32h7xx.o(RESET)
</UL>
<P><STRONG><a name="[88]"></a>CAN0_Message_IRQHandler</STRONG> (Thumb, 0 bytes, Stack size 0 bytes, startup_gd32h7xx.o(.text))
<BR>[Address Reference Count : 1]<UL><LI> startup_gd32h7xx.o(RESET)
</UL>
<P><STRONG><a name="[8d]"></a>CAN0_REC_IRQHandler</STRONG> (Thumb, 0 bytes, Stack size 0 bytes, startup_gd32h7xx.o(.text))
<BR>[Address Reference Count : 1]<UL><LI> startup_gd32h7xx.o(RESET)
</UL>
<P><STRONG><a name="[8c]"></a>CAN0_TEC_IRQHandler</STRONG> (Thumb, 0 bytes, Stack size 0 bytes, startup_gd32h7xx.o(.text))
<BR>[Address Reference Count : 1]<UL><LI> startup_gd32h7xx.o(RESET)
</UL>
<P><STRONG><a name="[87]"></a>CAN0_WKUP_IRQHandler</STRONG> (Thumb, 0 bytes, Stack size 0 bytes, startup_gd32h7xx.o(.text))
<BR>[Address Reference Count : 1]<UL><LI> startup_gd32h7xx.o(RESET)
</UL>
<P><STRONG><a name="[90]"></a>CAN1_Busoff_IRQHandler</STRONG> (Thumb, 0 bytes, Stack size 0 bytes, startup_gd32h7xx.o(.text))
<BR>[Address Reference Count : 1]<UL><LI> startup_gd32h7xx.o(RESET)
</UL>
<P><STRONG><a name="[91]"></a>CAN1_Error_IRQHandler</STRONG> (Thumb, 0 bytes, Stack size 0 bytes, startup_gd32h7xx.o(.text))
<BR>[Address Reference Count : 1]<UL><LI> startup_gd32h7xx.o(RESET)
</UL>
<P><STRONG><a name="[92]"></a>CAN1_FastError_IRQHandler</STRONG> (Thumb, 0 bytes, Stack size 0 bytes, startup_gd32h7xx.o(.text))
<BR>[Address Reference Count : 1]<UL><LI> startup_gd32h7xx.o(RESET)
</UL>
<P><STRONG><a name="[8f]"></a>CAN1_Message_IRQHandler</STRONG> (Thumb, 0 bytes, Stack size 0 bytes, startup_gd32h7xx.o(.text))
<BR>[Address Reference Count : 1]<UL><LI> startup_gd32h7xx.o(RESET)
</UL>
<P><STRONG><a name="[94]"></a>CAN1_REC_IRQHandler</STRONG> (Thumb, 0 bytes, Stack size 0 bytes, startup_gd32h7xx.o(.text))
<BR>[Address Reference Count : 1]<UL><LI> startup_gd32h7xx.o(RESET)
</UL>
<P><STRONG><a name="[93]"></a>CAN1_TEC_IRQHandler</STRONG> (Thumb, 0 bytes, Stack size 0 bytes, startup_gd32h7xx.o(.text))
<BR>[Address Reference Count : 1]<UL><LI> startup_gd32h7xx.o(RESET)
</UL>
<P><STRONG><a name="[8e]"></a>CAN1_WKUP_IRQHandler</STRONG> (Thumb, 0 bytes, Stack size 0 bytes, startup_gd32h7xx.o(.text))
<BR>[Address Reference Count : 1]<UL><LI> startup_gd32h7xx.o(RESET)
</UL>
<P><STRONG><a name="[97]"></a>CAN2_Busoff_IRQHandler</STRONG> (Thumb, 0 bytes, Stack size 0 bytes, startup_gd32h7xx.o(.text))
<BR>[Address Reference Count : 1]<UL><LI> startup_gd32h7xx.o(RESET)
</UL>
<P><STRONG><a name="[98]"></a>CAN2_Error_IRQHandler</STRONG> (Thumb, 0 bytes, Stack size 0 bytes, startup_gd32h7xx.o(.text))
<BR>[Address Reference Count : 1]<UL><LI> startup_gd32h7xx.o(RESET)
</UL>
<P><STRONG><a name="[99]"></a>CAN2_FastError_IRQHandler</STRONG> (Thumb, 0 bytes, Stack size 0 bytes, startup_gd32h7xx.o(.text))
<BR>[Address Reference Count : 1]<UL><LI> startup_gd32h7xx.o(RESET)
</UL>
<P><STRONG><a name="[96]"></a>CAN2_Message_IRQHandler</STRONG> (Thumb, 0 bytes, Stack size 0 bytes, startup_gd32h7xx.o(.text))
<BR>[Address Reference Count : 1]<UL><LI> startup_gd32h7xx.o(RESET)
</UL>
<P><STRONG><a name="[9b]"></a>CAN2_REC_IRQHandler</STRONG> (Thumb, 0 bytes, Stack size 0 bytes, startup_gd32h7xx.o(.text))
<BR>[Address Reference Count : 1]<UL><LI> startup_gd32h7xx.o(RESET)
</UL>
<P><STRONG><a name="[9a]"></a>CAN2_TEC_IRQHandler</STRONG> (Thumb, 0 bytes, Stack size 0 bytes, startup_gd32h7xx.o(.text))
<BR>[Address Reference Count : 1]<UL><LI> startup_gd32h7xx.o(RESET)
</UL>
<P><STRONG><a name="[95]"></a>CAN2_WKUP_IRQHandler</STRONG> (Thumb, 0 bytes, Stack size 0 bytes, startup_gd32h7xx.o(.text))
<BR>[Address Reference Count : 1]<UL><LI> startup_gd32h7xx.o(RESET)
</UL>
<P><STRONG><a name="[4f]"></a>CAU_IRQHandler</STRONG> (Thumb, 0 bytes, Stack size 0 bytes, startup_gd32h7xx.o(.text))
<BR>[Address Reference Count : 1]<UL><LI> startup_gd32h7xx.o(RESET)
</UL>
<P><STRONG><a name="[6e]"></a>CMP0_1_IRQHandler</STRONG> (Thumb, 0 bytes, Stack size 0 bytes, startup_gd32h7xx.o(.text))
<BR>[Address Reference Count : 1]<UL><LI> startup_gd32h7xx.o(RESET)
</UL>
<P><STRONG><a name="[6f]"></a>CTC_IRQHandler</STRONG> (Thumb, 0 bytes, Stack size 0 bytes, startup_gd32h7xx.o(.text))
<BR>[Address Reference Count : 1]<UL><LI> startup_gd32h7xx.o(RESET)
</UL>
<P><STRONG><a name="[4e]"></a>DCI_IRQHandler</STRONG> (Thumb, 0 bytes, Stack size 0 bytes, startup_gd32h7xx.o(.text))
<BR>[Address Reference Count : 1]<UL><LI> startup_gd32h7xx.o(RESET)
</UL>
<P><STRONG><a name="[15]"></a>DMA0_Channel0_IRQHandler</STRONG> (Thumb, 0 bytes, Stack size 0 bytes, startup_gd32h7xx.o(.text))
<BR>[Address Reference Count : 1]<UL><LI> startup_gd32h7xx.o(RESET)
</UL>
<P><STRONG><a name="[16]"></a>DMA0_Channel1_IRQHandler</STRONG> (Thumb, 0 bytes, Stack size 0 bytes, startup_gd32h7xx.o(.text))
<BR>[Address Reference Count : 1]<UL><LI> startup_gd32h7xx.o(RESET)
</UL>
<P><STRONG><a name="[17]"></a>DMA0_Channel2_IRQHandler</STRONG> (Thumb, 0 bytes, Stack size 0 bytes, startup_gd32h7xx.o(.text))
<BR>[Address Reference Count : 1]<UL><LI> startup_gd32h7xx.o(RESET)
</UL>
<P><STRONG><a name="[18]"></a>DMA0_Channel3_IRQHandler</STRONG> (Thumb, 0 bytes, Stack size 0 bytes, startup_gd32h7xx.o(.text))
<BR>[Address Reference Count : 1]<UL><LI> startup_gd32h7xx.o(RESET)
</UL>
<P><STRONG><a name="[19]"></a>DMA0_Channel4_IRQHandler</STRONG> (Thumb, 0 bytes, Stack size 0 bytes, startup_gd32h7xx.o(.text))
<BR>[Address Reference Count : 1]<UL><LI> startup_gd32h7xx.o(RESET)
</UL>
<P><STRONG><a name="[1a]"></a>DMA0_Channel5_IRQHandler</STRONG> (Thumb, 0 bytes, Stack size 0 bytes, startup_gd32h7xx.o(.text))
<BR>[Address Reference Count : 1]<UL><LI> startup_gd32h7xx.o(RESET)
</UL>
<P><STRONG><a name="[1b]"></a>DMA0_Channel6_IRQHandler</STRONG> (Thumb, 0 bytes, Stack size 0 bytes, startup_gd32h7xx.o(.text))
<BR>[Address Reference Count : 1]<UL><LI> startup_gd32h7xx.o(RESET)
</UL>
<P><STRONG><a name="[34]"></a>DMA0_Channel7_IRQHandler</STRONG> (Thumb, 0 bytes, Stack size 0 bytes, startup_gd32h7xx.o(.text))
<BR>[Address Reference Count : 1]<UL><LI> startup_gd32h7xx.o(RESET)
</UL>
<P><STRONG><a name="[3d]"></a>DMA1_Channel0_IRQHandler</STRONG> (Thumb, 0 bytes, Stack size 0 bytes, startup_gd32h7xx.o(.text))
<BR>[Address Reference Count : 1]<UL><LI> startup_gd32h7xx.o(RESET)
</UL>
<P><STRONG><a name="[3e]"></a>DMA1_Channel1_IRQHandler</STRONG> (Thumb, 0 bytes, Stack size 0 bytes, startup_gd32h7xx.o(.text))
<BR>[Address Reference Count : 1]<UL><LI> startup_gd32h7xx.o(RESET)
</UL>
<P><STRONG><a name="[3f]"></a>DMA1_Channel2_IRQHandler</STRONG> (Thumb, 0 bytes, Stack size 0 bytes, startup_gd32h7xx.o(.text))
<BR>[Address Reference Count : 1]<UL><LI> startup_gd32h7xx.o(RESET)
</UL>
<P><STRONG><a name="[40]"></a>DMA1_Channel3_IRQHandler</STRONG> (Thumb, 0 bytes, Stack size 0 bytes, startup_gd32h7xx.o(.text))
<BR>[Address Reference Count : 1]<UL><LI> startup_gd32h7xx.o(RESET)
</UL>
<P><STRONG><a name="[41]"></a>DMA1_Channel4_IRQHandler</STRONG> (Thumb, 0 bytes, Stack size 0 bytes, startup_gd32h7xx.o(.text))
<BR>[Address Reference Count : 1]<UL><LI> startup_gd32h7xx.o(RESET)
</UL>
<P><STRONG><a name="[44]"></a>DMA1_Channel5_IRQHandler</STRONG> (Thumb, 0 bytes, Stack size 0 bytes, startup_gd32h7xx.o(.text))
<BR>[Address Reference Count : 1]<UL><LI> startup_gd32h7xx.o(RESET)
</UL>
<P><STRONG><a name="[45]"></a>DMA1_Channel6_IRQHandler</STRONG> (Thumb, 0 bytes, Stack size 0 bytes, startup_gd32h7xx.o(.text))
<BR>[Address Reference Count : 1]<UL><LI> startup_gd32h7xx.o(RESET)
</UL>
<P><STRONG><a name="[46]"></a>DMA1_Channel7_IRQHandler</STRONG> (Thumb, 0 bytes, Stack size 0 bytes, startup_gd32h7xx.o(.text))
<BR>[Address Reference Count : 1]<UL><LI> startup_gd32h7xx.o(RESET)
</UL>
<P><STRONG><a name="[60]"></a>DMAMUX_OVR_IRQHandler</STRONG> (Thumb, 0 bytes, Stack size 0 bytes, startup_gd32h7xx.o(.text))
<BR>[Address Reference Count : 1]<UL><LI> startup_gd32h7xx.o(RESET)
</UL>
<P><STRONG><a name="[9c]"></a>EFUSE_IRQHandler</STRONG> (Thumb, 0 bytes, Stack size 0 bytes, startup_gd32h7xx.o(.text))
<BR>[Address Reference Count : 1]<UL><LI> startup_gd32h7xx.o(RESET)
</UL>
<P><STRONG><a name="[43]"></a>ENET0_WKUP_IRQHandler</STRONG> (Thumb, 0 bytes, Stack size 0 bytes, startup_gd32h7xx.o(.text))
<BR>[Address Reference Count : 1]<UL><LI> startup_gd32h7xx.o(RESET)
</UL>
<P><STRONG><a name="[85]"></a>ENET1_IRQHandler</STRONG> (Thumb, 0 bytes, Stack size 0 bytes, startup_gd32h7xx.o(.text))
<BR>[Address Reference Count : 1]<UL><LI> startup_gd32h7xx.o(RESET)
</UL>
<P><STRONG><a name="[86]"></a>ENET1_WKUP_IRQHandler</STRONG> (Thumb, 0 bytes, Stack size 0 bytes, startup_gd32h7xx.o(.text))
<BR>[Address Reference Count : 1]<UL><LI> startup_gd32h7xx.o(RESET)
</UL>
<P><STRONG><a name="[35]"></a>EXMC_IRQHandler</STRONG> (Thumb, 0 bytes, Stack size 0 bytes, startup_gd32h7xx.o(.text))
<BR>[Address Reference Count : 1]<UL><LI> startup_gd32h7xx.o(RESET)
</UL>
<P><STRONG><a name="[10]"></a>EXTI0_IRQHandler</STRONG> (Thumb, 0 bytes, Stack size 0 bytes, startup_gd32h7xx.o(.text))
<BR>[Address Reference Count : 1]<UL><LI> startup_gd32h7xx.o(RESET)
</UL>
<P><STRONG><a name="[2e]"></a>EXTI10_15_IRQHandler</STRONG> (Thumb, 0 bytes, Stack size 0 bytes, startup_gd32h7xx.o(.text))
<BR>[Address Reference Count : 1]<UL><LI> startup_gd32h7xx.o(RESET)
</UL>
<P><STRONG><a name="[11]"></a>EXTI1_IRQHandler</STRONG> (Thumb, 0 bytes, Stack size 0 bytes, startup_gd32h7xx.o(.text))
<BR>[Address Reference Count : 1]<UL><LI> startup_gd32h7xx.o(RESET)
</UL>
<P><STRONG><a name="[12]"></a>EXTI2_IRQHandler</STRONG> (Thumb, 0 bytes, Stack size 0 bytes, startup_gd32h7xx.o(.text))
<BR>[Address Reference Count : 1]<UL><LI> startup_gd32h7xx.o(RESET)
</UL>
<P><STRONG><a name="[13]"></a>EXTI3_IRQHandler</STRONG> (Thumb, 0 bytes, Stack size 0 bytes, startup_gd32h7xx.o(.text))
<BR>[Address Reference Count : 1]<UL><LI> startup_gd32h7xx.o(RESET)
</UL>
<P><STRONG><a name="[14]"></a>EXTI4_IRQHandler</STRONG> (Thumb, 0 bytes, Stack size 0 bytes, startup_gd32h7xx.o(.text))
<BR>[Address Reference Count : 1]<UL><LI> startup_gd32h7xx.o(RESET)
</UL>
<P><STRONG><a name="[1d]"></a>EXTI5_9_IRQHandler</STRONG> (Thumb, 0 bytes, Stack size 0 bytes, startup_gd32h7xx.o(.text))
<BR>[Address Reference Count : 1]<UL><LI> startup_gd32h7xx.o(RESET)
</UL>
<P><STRONG><a name="[74]"></a>FAC_IRQHandler</STRONG> (Thumb, 0 bytes, Stack size 0 bytes, startup_gd32h7xx.o(.text))
<BR>[Address Reference Count : 1]<UL><LI> startup_gd32h7xx.o(RESET)
</UL>
<P><STRONG><a name="[e]"></a>FMC_IRQHandler</STRONG> (Thumb, 0 bytes, Stack size 0 bytes, startup_gd32h7xx.o(.text))
<BR>[Address Reference Count : 1]<UL><LI> startup_gd32h7xx.o(RESET)
</UL>
<P><STRONG><a name="[50]"></a>HAU_TRNG_IRQHandler</STRONG> (Thumb, 0 bytes, Stack size 0 bytes, startup_gd32h7xx.o(.text))
<BR>[Address Reference Count : 1]<UL><LI> startup_gd32h7xx.o(RESET)
</UL>
<P><STRONG><a name="[61]"></a>HPDF_INT0_IRQHandler</STRONG> (Thumb, 0 bytes, Stack size 0 bytes, startup_gd32h7xx.o(.text))
<BR>[Address Reference Count : 1]<UL><LI> startup_gd32h7xx.o(RESET)
</UL>
<P><STRONG><a name="[62]"></a>HPDF_INT1_IRQHandler</STRONG> (Thumb, 0 bytes, Stack size 0 bytes, startup_gd32h7xx.o(.text))
<BR>[Address Reference Count : 1]<UL><LI> startup_gd32h7xx.o(RESET)
</UL>
<P><STRONG><a name="[63]"></a>HPDF_INT2_IRQHandler</STRONG> (Thumb, 0 bytes, Stack size 0 bytes, startup_gd32h7xx.o(.text))
<BR>[Address Reference Count : 1]<UL><LI> startup_gd32h7xx.o(RESET)
</UL>
<P><STRONG><a name="[64]"></a>HPDF_INT3_IRQHandler</STRONG> (Thumb, 0 bytes, Stack size 0 bytes, startup_gd32h7xx.o(.text))
<BR>[Address Reference Count : 1]<UL><LI> startup_gd32h7xx.o(RESET)
</UL>
<P><STRONG><a name="[6c]"></a>HWSEM_IRQHandler</STRONG> (Thumb, 0 bytes, Stack size 0 bytes, startup_gd32h7xx.o(.text))
<BR>[Address Reference Count : 1]<UL><LI> startup_gd32h7xx.o(RESET)
</UL>
<P><STRONG><a name="[26]"></a>I2C0_ER_IRQHandler</STRONG> (Thumb, 0 bytes, Stack size 0 bytes, startup_gd32h7xx.o(.text))
<BR>[Address Reference Count : 1]<UL><LI> startup_gd32h7xx.o(RESET)
</UL>
<P><STRONG><a name="[25]"></a>I2C0_EV_IRQHandler</STRONG> (Thumb, 0 bytes, Stack size 0 bytes, startup_gd32h7xx.o(.text))
<BR>[Address Reference Count : 1]<UL><LI> startup_gd32h7xx.o(RESET)
</UL>
<P><STRONG><a name="[9d]"></a>I2C0_WKUP_IRQHandler</STRONG> (Thumb, 0 bytes, Stack size 0 bytes, startup_gd32h7xx.o(.text))
<BR>[Address Reference Count : 1]<UL><LI> startup_gd32h7xx.o(RESET)
</UL>
<P><STRONG><a name="[28]"></a>I2C1_ER_IRQHandler</STRONG> (Thumb, 0 bytes, Stack size 0 bytes, startup_gd32h7xx.o(.text))
<BR>[Address Reference Count : 1]<UL><LI> startup_gd32h7xx.o(RESET)
</UL>
<P><STRONG><a name="[27]"></a>I2C1_EV_IRQHandler</STRONG> (Thumb, 0 bytes, Stack size 0 bytes, startup_gd32h7xx.o(.text))
<BR>[Address Reference Count : 1]<UL><LI> startup_gd32h7xx.o(RESET)
</UL>
<P><STRONG><a name="[9e]"></a>I2C1_WKUP_IRQHandler</STRONG> (Thumb, 0 bytes, Stack size 0 bytes, startup_gd32h7xx.o(.text))
<BR>[Address Reference Count : 1]<UL><LI> startup_gd32h7xx.o(RESET)
</UL>
<P><STRONG><a name="[49]"></a>I2C2_ER_IRQHandler</STRONG> (Thumb, 0 bytes, Stack size 0 bytes, startup_gd32h7xx.o(.text))
<BR>[Address Reference Count : 1]<UL><LI> startup_gd32h7xx.o(RESET)
</UL>
<P><STRONG><a name="[48]"></a>I2C2_EV_IRQHandler</STRONG> (Thumb, 0 bytes, Stack size 0 bytes, startup_gd32h7xx.o(.text))
<BR>[Address Reference Count : 1]<UL><LI> startup_gd32h7xx.o(RESET)
</UL>
<P><STRONG><a name="[9f]"></a>I2C2_WKUP_IRQHandler</STRONG> (Thumb, 0 bytes, Stack size 0 bytes, startup_gd32h7xx.o(.text))
<BR>[Address Reference Count : 1]<UL><LI> startup_gd32h7xx.o(RESET)
</UL>
<P><STRONG><a name="[5e]"></a>I2C3_ER_IRQHandler</STRONG> (Thumb, 0 bytes, Stack size 0 bytes, startup_gd32h7xx.o(.text))
<BR>[Address Reference Count : 1]<UL><LI> startup_gd32h7xx.o(RESET)
</UL>
<P><STRONG><a name="[5d]"></a>I2C3_EV_IRQHandler</STRONG> (Thumb, 0 bytes, Stack size 0 bytes, startup_gd32h7xx.o(.text))
<BR>[Address Reference Count : 1]<UL><LI> startup_gd32h7xx.o(RESET)
</UL>
<P><STRONG><a name="[a0]"></a>I2C3_WKUP_IRQHandler</STRONG> (Thumb, 0 bytes, Stack size 0 bytes, startup_gd32h7xx.o(.text))
<BR>[Address Reference Count : 1]<UL><LI> startup_gd32h7xx.o(RESET)
</UL>
<P><STRONG><a name="[5a]"></a>IPA_IRQHandler</STRONG> (Thumb, 0 bytes, Stack size 0 bytes, startup_gd32h7xx.o(.text))
<BR>[Address Reference Count : 1]<UL><LI> startup_gd32h7xx.o(RESET)
</UL>
<P><STRONG><a name="[a1]"></a>LPDTS_IRQHandler</STRONG> (Thumb, 0 bytes, Stack size 0 bytes, startup_gd32h7xx.o(.text))
<BR>[Address Reference Count : 1]<UL><LI> startup_gd32h7xx.o(RESET)
</UL>
<P><STRONG><a name="[a2]"></a>LPDTS_WKUP_IRQHandler</STRONG> (Thumb, 0 bytes, Stack size 0 bytes, startup_gd32h7xx.o(.text))
<BR>[Address Reference Count : 1]<UL><LI> startup_gd32h7xx.o(RESET)
</UL>
<P><STRONG><a name="[69]"></a>MDIO_IRQHandler</STRONG> (Thumb, 0 bytes, Stack size 0 bytes, startup_gd32h7xx.o(.text))
<BR>[Address Reference Count : 1]<UL><LI> startup_gd32h7xx.o(RESET)
</UL>
<P><STRONG><a name="[6a]"></a>MDMA_IRQHandler</STRONG> (Thumb, 0 bytes, Stack size 0 bytes, startup_gd32h7xx.o(.text))
<BR>[Address Reference Count : 1]<UL><LI> startup_gd32h7xx.o(RESET)
</UL>
<P><STRONG><a name="[5c]"></a>OSPI0_IRQHandler</STRONG> (Thumb, 0 bytes, Stack size 0 bytes, startup_gd32h7xx.o(.text))
<BR>[Address Reference Count : 1]<UL><LI> startup_gd32h7xx.o(RESET)
</UL>
<P><STRONG><a name="[71]"></a>OSPI1_IRQHandler</STRONG> (Thumb, 0 bytes, Stack size 0 bytes, startup_gd32h7xx.o(.text))
<BR>[Address Reference Count : 1]<UL><LI> startup_gd32h7xx.o(RESET)
</UL>
<P><STRONG><a name="[70]"></a>RAMECCMU_IRQHandler</STRONG> (Thumb, 0 bytes, Stack size 0 bytes, startup_gd32h7xx.o(.text))
<BR>[Address Reference Count : 1]<UL><LI> startup_gd32h7xx.o(RESET)
</UL>
<P><STRONG><a name="[f]"></a>RCU_IRQHandler</STRONG> (Thumb, 0 bytes, Stack size 0 bytes, startup_gd32h7xx.o(.text))
<BR>[Address Reference Count : 1]<UL><LI> startup_gd32h7xx.o(RESET)
</UL>
<P><STRONG><a name="[5f]"></a>RSPDIF_IRQHandler</STRONG> (Thumb, 0 bytes, Stack size 0 bytes, startup_gd32h7xx.o(.text))
<BR>[Address Reference Count : 1]<UL><LI> startup_gd32h7xx.o(RESET)
</UL>
<P><STRONG><a name="[2f]"></a>RTC_Alarm_IRQHandler</STRONG> (Thumb, 0 bytes, Stack size 0 bytes, startup_gd32h7xx.o(.text))
<BR>[Address Reference Count : 1]<UL><LI> startup_gd32h7xx.o(RESET)
</UL>
<P><STRONG><a name="[d]"></a>RTC_WKUP_IRQHandler</STRONG> (Thumb, 0 bytes, Stack size 0 bytes, startup_gd32h7xx.o(.text))
<BR>[Address Reference Count : 1]<UL><LI> startup_gd32h7xx.o(RESET)
</UL>
<P><STRONG><a name="[72]"></a>RTDEC0_IRQHandler</STRONG> (Thumb, 0 bytes, Stack size 0 bytes, startup_gd32h7xx.o(.text))
<BR>[Address Reference Count : 1]<UL><LI> startup_gd32h7xx.o(RESET)
</UL>
<P><STRONG><a name="[73]"></a>RTDEC1_IRQHandler</STRONG> (Thumb, 0 bytes, Stack size 0 bytes, startup_gd32h7xx.o(.text))
<BR>[Address Reference Count : 1]<UL><LI> startup_gd32h7xx.o(RESET)
</UL>
<P><STRONG><a name="[57]"></a>SAI0_IRQHandler</STRONG> (Thumb, 0 bytes, Stack size 0 bytes, startup_gd32h7xx.o(.text))
<BR>[Address Reference Count : 1]<UL><LI> startup_gd32h7xx.o(RESET)
</UL>
<P><STRONG><a name="[5b]"></a>SAI1_IRQHandler</STRONG> (Thumb, 0 bytes, Stack size 0 bytes, startup_gd32h7xx.o(.text))
<BR>[Address Reference Count : 1]<UL><LI> startup_gd32h7xx.o(RESET)
</UL>
<P><STRONG><a name="[65]"></a>SAI2_IRQHandler</STRONG> (Thumb, 0 bytes, Stack size 0 bytes, startup_gd32h7xx.o(.text))
<BR>[Address Reference Count : 1]<UL><LI> startup_gd32h7xx.o(RESET)
</UL>
<P><STRONG><a name="[36]"></a>SDIO0_IRQHandler</STRONG> (Thumb, 0 bytes, Stack size 0 bytes, startup_gd32h7xx.o(.text))
<BR>[Address Reference Count : 1]<UL><LI> startup_gd32h7xx.o(RESET)
</UL>
<P><STRONG><a name="[6b]"></a>SDIO1_IRQHandler</STRONG> (Thumb, 0 bytes, Stack size 0 bytes, startup_gd32h7xx.o(.text))
<BR>[Address Reference Count : 1]<UL><LI> startup_gd32h7xx.o(RESET)
</UL>
<P><STRONG><a name="[29]"></a>SPI0_IRQHandler</STRONG> (Thumb, 0 bytes, Stack size 0 bytes, startup_gd32h7xx.o(.text))
<BR>[Address Reference Count : 1]<UL><LI> startup_gd32h7xx.o(RESET)
</UL>
<P><STRONG><a name="[2a]"></a>SPI1_IRQHandler</STRONG> (Thumb, 0 bytes, Stack size 0 bytes, startup_gd32h7xx.o(.text))
<BR>[Address Reference Count : 1]<UL><LI> startup_gd32h7xx.o(RESET)
</UL>
<P><STRONG><a name="[38]"></a>SPI2_IRQHandler</STRONG> (Thumb, 0 bytes, Stack size 0 bytes, startup_gd32h7xx.o(.text))
<BR>[Address Reference Count : 1]<UL><LI> startup_gd32h7xx.o(RESET)
</UL>
<P><STRONG><a name="[54]"></a>SPI3_IRQHandler</STRONG> (Thumb, 0 bytes, Stack size 0 bytes, startup_gd32h7xx.o(.text))
<BR>[Address Reference Count : 1]<UL><LI> startup_gd32h7xx.o(RESET)
</UL>
<P><STRONG><a name="[55]"></a>SPI4_IRQHandler</STRONG> (Thumb, 0 bytes, Stack size 0 bytes, startup_gd32h7xx.o(.text))
<BR>[Address Reference Count : 1]<UL><LI> startup_gd32h7xx.o(RESET)
</UL>
<P><STRONG><a name="[56]"></a>SPI5_IRQHandler</STRONG> (Thumb, 0 bytes, Stack size 0 bytes, startup_gd32h7xx.o(.text))
<BR>[Address Reference Count : 1]<UL><LI> startup_gd32h7xx.o(RESET)
</UL>
<P><STRONG><a name="[c]"></a>TAMPER_STAMP_LXTAL_IRQHandler</STRONG> (Thumb, 0 bytes, Stack size 0 bytes, startup_gd32h7xx.o(.text))
<BR>[Address Reference Count : 1]<UL><LI> startup_gd32h7xx.o(RESET)
</UL>
<P><STRONG><a name="[1e]"></a>TIMER0_BRK_IRQHandler</STRONG> (Thumb, 0 bytes, Stack size 0 bytes, startup_gd32h7xx.o(.text))
<BR>[Address Reference Count : 1]<UL><LI> startup_gd32h7xx.o(RESET)
</UL>
<P><STRONG><a name="[21]"></a>TIMER0_Channel_IRQHandler</STRONG> (Thumb, 0 bytes, Stack size 0 bytes, startup_gd32h7xx.o(.text))
<BR>[Address Reference Count : 1]<UL><LI> startup_gd32h7xx.o(RESET)
</UL>
<P><STRONG><a name="[a3]"></a>TIMER0_DEC_IRQHandler</STRONG> (Thumb, 0 bytes, Stack size 0 bytes, startup_gd32h7xx.o(.text))
<BR>[Address Reference Count : 1]<UL><LI> startup_gd32h7xx.o(RESET)
</UL>
<P><STRONG><a name="[20]"></a>TIMER0_TRG_CMT_IRQHandler</STRONG> (Thumb, 0 bytes, Stack size 0 bytes, startup_gd32h7xx.o(.text))
<BR>[Address Reference Count : 1]<UL><LI> startup_gd32h7xx.o(RESET)
</UL>
<P><STRONG><a name="[1f]"></a>TIMER0_UP_IRQHandler</STRONG> (Thumb, 0 bytes, Stack size 0 bytes, startup_gd32h7xx.o(.text))
<BR>[Address Reference Count : 1]<UL><LI> startup_gd32h7xx.o(RESET)
</UL>
<P><STRONG><a name="[66]"></a>TIMER14_IRQHandler</STRONG> (Thumb, 0 bytes, Stack size 0 bytes, startup_gd32h7xx.o(.text))
<BR>[Address Reference Count : 1]<UL><LI> startup_gd32h7xx.o(RESET)
</UL>
<P><STRONG><a name="[67]"></a>TIMER15_IRQHandler</STRONG> (Thumb, 0 bytes, Stack size 0 bytes, startup_gd32h7xx.o(.text))
<BR>[Address Reference Count : 1]<UL><LI> startup_gd32h7xx.o(RESET)
</UL>
<P><STRONG><a name="[68]"></a>TIMER16_IRQHandler</STRONG> (Thumb, 0 bytes, Stack size 0 bytes, startup_gd32h7xx.o(.text))
<BR>[Address Reference Count : 1]<UL><LI> startup_gd32h7xx.o(RESET)
</UL>
<P><STRONG><a name="[a5]"></a>TIMER1_DEC_IRQHandler</STRONG> (Thumb, 0 bytes, Stack size 0 bytes, startup_gd32h7xx.o(.text))
<BR>[Address Reference Count : 1]<UL><LI> startup_gd32h7xx.o(RESET)
</UL>
<P><STRONG><a name="[22]"></a>TIMER1_IRQHandler</STRONG> (Thumb, 0 bytes, Stack size 0 bytes, startup_gd32h7xx.o(.text))
<BR>[Address Reference Count : 1]<UL><LI> startup_gd32h7xx.o(RESET)
</UL>
<P><STRONG><a name="[a9]"></a>TIMER22_DEC_IRQHandler</STRONG> (Thumb, 0 bytes, Stack size 0 bytes, startup_gd32h7xx.o(.text))
<BR>[Address Reference Count : 1]<UL><LI> startup_gd32h7xx.o(RESET)
</UL>
<P><STRONG><a name="[76]"></a>TIMER22_IRQHandler</STRONG> (Thumb, 0 bytes, Stack size 0 bytes, startup_gd32h7xx.o(.text))
<BR>[Address Reference Count : 1]<UL><LI> startup_gd32h7xx.o(RESET)
</UL>
<P><STRONG><a name="[aa]"></a>TIMER23_DEC_IRQHandler</STRONG> (Thumb, 0 bytes, Stack size 0 bytes, startup_gd32h7xx.o(.text))
<BR>[Address Reference Count : 1]<UL><LI> startup_gd32h7xx.o(RESET)
</UL>
<P><STRONG><a name="[77]"></a>TIMER23_IRQHandler</STRONG> (Thumb, 0 bytes, Stack size 0 bytes, startup_gd32h7xx.o(.text))
<BR>[Address Reference Count : 1]<UL><LI> startup_gd32h7xx.o(RESET)
</UL>
<P><STRONG><a name="[a6]"></a>TIMER2_DEC_IRQHandler</STRONG> (Thumb, 0 bytes, Stack size 0 bytes, startup_gd32h7xx.o(.text))
<BR>[Address Reference Count : 1]<UL><LI> startup_gd32h7xx.o(RESET)
</UL>
<P><STRONG><a name="[23]"></a>TIMER2_IRQHandler</STRONG> (Thumb, 0 bytes, Stack size 0 bytes, startup_gd32h7xx.o(.text))
<BR>[Address Reference Count : 1]<UL><LI> startup_gd32h7xx.o(RESET)
</UL>
<P><STRONG><a name="[ab]"></a>TIMER30_DEC_IRQHandler</STRONG> (Thumb, 0 bytes, Stack size 0 bytes, startup_gd32h7xx.o(.text))
<BR>[Address Reference Count : 1]<UL><LI> startup_gd32h7xx.o(RESET)
</UL>
<P><STRONG><a name="[78]"></a>TIMER30_IRQHandler</STRONG> (Thumb, 0 bytes, Stack size 0 bytes, startup_gd32h7xx.o(.text))
<BR>[Address Reference Count : 1]<UL><LI> startup_gd32h7xx.o(RESET)
</UL>
<P><STRONG><a name="[ac]"></a>TIMER31_DEC_IRQHandler</STRONG> (Thumb, 0 bytes, Stack size 0 bytes, startup_gd32h7xx.o(.text))
<BR>[Address Reference Count : 1]<UL><LI> startup_gd32h7xx.o(RESET)
</UL>
<P><STRONG><a name="[79]"></a>TIMER31_IRQHandler</STRONG> (Thumb, 0 bytes, Stack size 0 bytes, startup_gd32h7xx.o(.text))
<BR>[Address Reference Count : 1]<UL><LI> startup_gd32h7xx.o(RESET)
</UL>
<P><STRONG><a name="[a7]"></a>TIMER3_DEC_IRQHandler</STRONG> (Thumb, 0 bytes, Stack size 0 bytes, startup_gd32h7xx.o(.text))
<BR>[Address Reference Count : 1]<UL><LI> startup_gd32h7xx.o(RESET)
</UL>
<P><STRONG><a name="[24]"></a>TIMER3_IRQHandler</STRONG> (Thumb, 0 bytes, Stack size 0 bytes, startup_gd32h7xx.o(.text))
<BR>[Address Reference Count : 1]<UL><LI> startup_gd32h7xx.o(RESET)
</UL>
<P><STRONG><a name="[7a]"></a>TIMER40_IRQHandler</STRONG> (Thumb, 0 bytes, Stack size 0 bytes, startup_gd32h7xx.o(.text))
<BR>[Address Reference Count : 1]<UL><LI> startup_gd32h7xx.o(RESET)
</UL>
<P><STRONG><a name="[7b]"></a>TIMER41_IRQHandler</STRONG> (Thumb, 0 bytes, Stack size 0 bytes, startup_gd32h7xx.o(.text))
<BR>[Address Reference Count : 1]<UL><LI> startup_gd32h7xx.o(RESET)
</UL>
<P><STRONG><a name="[7c]"></a>TIMER42_IRQHandler</STRONG> (Thumb, 0 bytes, Stack size 0 bytes, startup_gd32h7xx.o(.text))
<BR>[Address Reference Count : 1]<UL><LI> startup_gd32h7xx.o(RESET)
</UL>
<P><STRONG><a name="[7d]"></a>TIMER43_IRQHandler</STRONG> (Thumb, 0 bytes, Stack size 0 bytes, startup_gd32h7xx.o(.text))
<BR>[Address Reference Count : 1]<UL><LI> startup_gd32h7xx.o(RESET)
</UL>
<P><STRONG><a name="[7e]"></a>TIMER44_IRQHandler</STRONG> (Thumb, 0 bytes, Stack size 0 bytes, startup_gd32h7xx.o(.text))
<BR>[Address Reference Count : 1]<UL><LI> startup_gd32h7xx.o(RESET)
</UL>
<P><STRONG><a name="[a8]"></a>TIMER4_DEC_IRQHandler</STRONG> (Thumb, 0 bytes, Stack size 0 bytes, startup_gd32h7xx.o(.text))
<BR>[Address Reference Count : 1]<UL><LI> startup_gd32h7xx.o(RESET)
</UL>
<P><STRONG><a name="[37]"></a>TIMER4_IRQHandler</STRONG> (Thumb, 0 bytes, Stack size 0 bytes, startup_gd32h7xx.o(.text))
<BR>[Address Reference Count : 1]<UL><LI> startup_gd32h7xx.o(RESET)
</UL>
<P><STRONG><a name="[7f]"></a>TIMER50_IRQHandler</STRONG> (Thumb, 0 bytes, Stack size 0 bytes, startup_gd32h7xx.o(.text))
<BR>[Address Reference Count : 1]<UL><LI> startup_gd32h7xx.o(RESET)
</UL>
<P><STRONG><a name="[80]"></a>TIMER51_IRQHandler</STRONG> (Thumb, 0 bytes, Stack size 0 bytes, startup_gd32h7xx.o(.text))
<BR>[Address Reference Count : 1]<UL><LI> startup_gd32h7xx.o(RESET)
</UL>
<P><STRONG><a name="[3b]"></a>TIMER5_DAC_UDR_IRQHandler</STRONG> (Thumb, 0 bytes, Stack size 0 bytes, startup_gd32h7xx.o(.text))
<BR>[Address Reference Count : 1]<UL><LI> startup_gd32h7xx.o(RESET)
</UL>
<P><STRONG><a name="[3c]"></a>TIMER6_IRQHandler</STRONG> (Thumb, 0 bytes, Stack size 0 bytes, startup_gd32h7xx.o(.text))
<BR>[Address Reference Count : 1]<UL><LI> startup_gd32h7xx.o(RESET)
</UL>
<P><STRONG><a name="[30]"></a>TIMER7_BRK_IRQHandler</STRONG> (Thumb, 0 bytes, Stack size 0 bytes, startup_gd32h7xx.o(.text))
<BR>[Address Reference Count : 1]<UL><LI> startup_gd32h7xx.o(RESET)
</UL>
<P><STRONG><a name="[33]"></a>TIMER7_Channel_IRQHandler</STRONG> (Thumb, 0 bytes, Stack size 0 bytes, startup_gd32h7xx.o(.text))
<BR>[Address Reference Count : 1]<UL><LI> startup_gd32h7xx.o(RESET)
</UL>
<P><STRONG><a name="[a4]"></a>TIMER7_DEC_IRQHandler</STRONG> (Thumb, 0 bytes, Stack size 0 bytes, startup_gd32h7xx.o(.text))
<BR>[Address Reference Count : 1]<UL><LI> startup_gd32h7xx.o(RESET)
</UL>
<P><STRONG><a name="[32]"></a>TIMER7_TRG_CMT_IRQHandler</STRONG> (Thumb, 0 bytes, Stack size 0 bytes, startup_gd32h7xx.o(.text))
<BR>[Address Reference Count : 1]<UL><LI> startup_gd32h7xx.o(RESET)
</UL>
<P><STRONG><a name="[31]"></a>TIMER7_UP_IRQHandler</STRONG> (Thumb, 0 bytes, Stack size 0 bytes, startup_gd32h7xx.o(.text))
<BR>[Address Reference Count : 1]<UL><LI> startup_gd32h7xx.o(RESET)
</UL>
<P><STRONG><a name="[59]"></a>TLI_ER_IRQHandler</STRONG> (Thumb, 0 bytes, Stack size 0 bytes, startup_gd32h7xx.o(.text))
<BR>[Address Reference Count : 1]<UL><LI> startup_gd32h7xx.o(RESET)
</UL>
<P><STRONG><a name="[58]"></a>TLI_IRQHandler</STRONG> (Thumb, 0 bytes, Stack size 0 bytes, startup_gd32h7xx.o(.text))
<BR>[Address Reference Count : 1]<UL><LI> startup_gd32h7xx.o(RESET)
</UL>
<P><STRONG><a name="[75]"></a>TMU_IRQHandler</STRONG> (Thumb, 0 bytes, Stack size 0 bytes, startup_gd32h7xx.o(.text))
<BR>[Address Reference Count : 1]<UL><LI> startup_gd32h7xx.o(RESET)
</UL>
<P><STRONG><a name="[39]"></a>UART3_IRQHandler</STRONG> (Thumb, 0 bytes, Stack size 0 bytes, startup_gd32h7xx.o(.text))
<BR>[Address Reference Count : 1]<UL><LI> startup_gd32h7xx.o(RESET)
</UL>
<P><STRONG><a name="[3a]"></a>UART4_IRQHandler</STRONG> (Thumb, 0 bytes, Stack size 0 bytes, startup_gd32h7xx.o(.text))
<BR>[Address Reference Count : 1]<UL><LI> startup_gd32h7xx.o(RESET)
</UL>
<P><STRONG><a name="[52]"></a>UART6_IRQHandler</STRONG> (Thumb, 0 bytes, Stack size 0 bytes, startup_gd32h7xx.o(.text))
<BR>[Address Reference Count : 1]<UL><LI> startup_gd32h7xx.o(RESET)
</UL>
<P><STRONG><a name="[53]"></a>UART7_IRQHandler</STRONG> (Thumb, 0 bytes, Stack size 0 bytes, startup_gd32h7xx.o(.text))
<BR>[Address Reference Count : 1]<UL><LI> startup_gd32h7xx.o(RESET)
</UL>
<P><STRONG><a name="[2c]"></a>USART1_IRQHandler</STRONG> (Thumb, 0 bytes, Stack size 0 bytes, startup_gd32h7xx.o(.text))
<BR>[Address Reference Count : 1]<UL><LI> startup_gd32h7xx.o(RESET)
</UL>
<P><STRONG><a name="[2d]"></a>USART2_IRQHandler</STRONG> (Thumb, 0 bytes, Stack size 0 bytes, startup_gd32h7xx.o(.text))
<BR>[Address Reference Count : 1]<UL><LI> startup_gd32h7xx.o(RESET)
</UL>
<P><STRONG><a name="[47]"></a>USART5_IRQHandler</STRONG> (Thumb, 0 bytes, Stack size 0 bytes, startup_gd32h7xx.o(.text))
<BR>[Address Reference Count : 1]<UL><LI> startup_gd32h7xx.o(RESET)
</UL>
<P><STRONG><a name="[4b]"></a>USBHS0_EP1_IN_IRQHandler</STRONG> (Thumb, 0 bytes, Stack size 0 bytes, startup_gd32h7xx.o(.text))
<BR>[Address Reference Count : 1]<UL><LI> startup_gd32h7xx.o(RESET)
</UL>
<P><STRONG><a name="[4a]"></a>USBHS0_EP1_OUT_IRQHandler</STRONG> (Thumb, 0 bytes, Stack size 0 bytes, startup_gd32h7xx.o(.text))
<BR>[Address Reference Count : 1]<UL><LI> startup_gd32h7xx.o(RESET)
</UL>
<P><STRONG><a name="[4d]"></a>USBHS0_IRQHandler</STRONG> (Thumb, 0 bytes, Stack size 0 bytes, startup_gd32h7xx.o(.text))
<BR>[Address Reference Count : 1]<UL><LI> startup_gd32h7xx.o(RESET)
</UL>
<P><STRONG><a name="[4c]"></a>USBHS0_WKUP_IRQHandler</STRONG> (Thumb, 0 bytes, Stack size 0 bytes, startup_gd32h7xx.o(.text))
<BR>[Address Reference Count : 1]<UL><LI> startup_gd32h7xx.o(RESET)
</UL>
<P><STRONG><a name="[82]"></a>USBHS1_EP1_IN_IRQHandler</STRONG> (Thumb, 0 bytes, Stack size 0 bytes, startup_gd32h7xx.o(.text))
<BR>[Address Reference Count : 1]<UL><LI> startup_gd32h7xx.o(RESET)
</UL>
<P><STRONG><a name="[81]"></a>USBHS1_EP1_OUT_IRQHandler</STRONG> (Thumb, 0 bytes, Stack size 0 bytes, startup_gd32h7xx.o(.text))
<BR>[Address Reference Count : 1]<UL><LI> startup_gd32h7xx.o(RESET)
</UL>
<P><STRONG><a name="[84]"></a>USBHS1_IRQHandler</STRONG> (Thumb, 0 bytes, Stack size 0 bytes, startup_gd32h7xx.o(.text))
<BR>[Address Reference Count : 1]<UL><LI> startup_gd32h7xx.o(RESET)
</UL>
<P><STRONG><a name="[83]"></a>USBHS1_WKUP_IRQHandler</STRONG> (Thumb, 0 bytes, Stack size 0 bytes, startup_gd32h7xx.o(.text))
<BR>[Address Reference Count : 1]<UL><LI> startup_gd32h7xx.o(RESET)
</UL>
<P><STRONG><a name="[b]"></a>VAVD_LVD_VOVD_IRQHandler</STRONG> (Thumb, 0 bytes, Stack size 0 bytes, startup_gd32h7xx.o(.text))
<BR>[Address Reference Count : 1]<UL><LI> startup_gd32h7xx.o(RESET)
</UL>
<P><STRONG><a name="[a]"></a>WWDGT_IRQHandler</STRONG> (Thumb, 0 bytes, Stack size 0 bytes, startup_gd32h7xx.o(.text))
<BR>[Address Reference Count : 1]<UL><LI> startup_gd32h7xx.o(RESET)
</UL>
<P><STRONG><a name="[f5]"></a>__aeabi_uldivmod</STRONG> (Thumb, 98 bytes, Stack size 40 bytes, uldiv.o(.text), UNUSED)
<BR><BR>[Calls]<UL><LI><a href="#[f6]">&gt;&gt;</a>&nbsp;&nbsp;&nbsp;__aeabi_llsr
<LI><a href="#[f7]">&gt;&gt;</a>&nbsp;&nbsp;&nbsp;__aeabi_llsl
</UL>
<BR>[Called By]<UL><LI><a href="#[30d]">&gt;&gt;</a>&nbsp;&nbsp;&nbsp;_printf_core
<LI><a href="#[310]">&gt;&gt;</a>&nbsp;&nbsp;&nbsp;_fp_digits
</UL>

<P><STRONG><a name="[fe]"></a>__rt_ctype_table</STRONG> (Thumb, 4 bytes, Stack size 0 bytes, ctype_o.o(.text))
<BR><BR>[Called By]<UL><LI><a href="#[1e3]">&gt;&gt;</a>&nbsp;&nbsp;&nbsp;ip4addr_aton
<LI><a href="#[fd]">&gt;&gt;</a>&nbsp;&nbsp;&nbsp;strtol
</UL>

<P><STRONG><a name="[15a]"></a>rand</STRONG> (Thumb, 20 bytes, Stack size 0 bytes, rand.o(.text))
<BR><BR>[Called By]<UL><LI><a href="#[20d]">&gt;&gt;</a>&nbsp;&nbsp;&nbsp;udp_init
<LI><a href="#[20e]">&gt;&gt;</a>&nbsp;&nbsp;&nbsp;tcp_init
<LI><a href="#[168]">&gt;&gt;</a>&nbsp;&nbsp;&nbsp;dhcp_create_msg
<LI><a href="#[159]">&gt;&gt;</a>&nbsp;&nbsp;&nbsp;acd_start
<LI><a href="#[f1]">&gt;&gt;</a>&nbsp;&nbsp;&nbsp;acd_tmr
</UL>

<P><STRONG><a name="[31b]"></a>srand</STRONG> (Thumb, 6 bytes, Stack size 0 bytes, rand.o(.text), UNUSED)

<P><STRONG><a name="[31c]"></a>___aeabi_memcpy8$move</STRONG> (Thumb, 0 bytes, Stack size 8 bytes, memmovea.o(.text), UNUSED)

<P><STRONG><a name="[1ca]"></a>__aeabi_memcpy</STRONG> (Thumb, 64 bytes, Stack size 8 bytes, memmovea.o(.text))
<BR><BR>[Stack]<UL><LI>Max Depth = 8<LI>Call Chain = __aeabi_memcpy
</UL>
<BR>[Called By]<UL><LI><a href="#[122]">&gt;&gt;</a>&nbsp;&nbsp;&nbsp;modbus_reply
<LI><a href="#[1cd]">&gt;&gt;</a>&nbsp;&nbsp;&nbsp;pbuf_copy_partial_pbuf
<LI><a href="#[183]">&gt;&gt;</a>&nbsp;&nbsp;&nbsp;pbuf_copy_partial
<LI><a href="#[1f7]">&gt;&gt;</a>&nbsp;&nbsp;&nbsp;lwip_accept
<LI><a href="#[22b]">&gt;&gt;</a>&nbsp;&nbsp;&nbsp;lwip_sock_make_addr
<LI><a href="#[223]">&gt;&gt;</a>&nbsp;&nbsp;&nbsp;tcp_write
<LI><a href="#[280]">&gt;&gt;</a>&nbsp;&nbsp;&nbsp;prvCopyDataToQueue
<LI><a href="#[27f]">&gt;&gt;</a>&nbsp;&nbsp;&nbsp;prvCopyDataFromQueue
<LI><a href="#[b5]">&gt;&gt;</a>&nbsp;&nbsp;&nbsp;low_level_output
<LI><a href="#[1b8]">&gt;&gt;</a>&nbsp;&nbsp;&nbsp;low_level_input
<LI><a href="#[1e7]">&gt;&gt;</a>&nbsp;&nbsp;&nbsp;ip_reass_free_complete_datagram
<LI><a href="#[1e0]">&gt;&gt;</a>&nbsp;&nbsp;&nbsp;ip_reass_enqueue_new_datagram
<LI><a href="#[1d9]">&gt;&gt;</a>&nbsp;&nbsp;&nbsp;ip4_reass
<LI><a href="#[1d3]">&gt;&gt;</a>&nbsp;&nbsp;&nbsp;ip4_frag
<LI><a href="#[1c8]">&gt;&gt;</a>&nbsp;&nbsp;&nbsp;icmp_input
</UL>

<P><STRONG><a name="[31d]"></a>__aeabi_memcpy4</STRONG> (Thumb, 0 bytes, Stack size 8 bytes, memmovea.o(.text), UNUSED)

<P><STRONG><a name="[31e]"></a>__aeabi_memmove</STRONG> (Thumb, 0 bytes, Stack size 8 bytes, memmovea.o(.text), UNUSED)

<P><STRONG><a name="[31f]"></a>__aeabi_memmove4</STRONG> (Thumb, 0 bytes, Stack size 8 bytes, memmovea.o(.text), UNUSED)

<P><STRONG><a name="[320]"></a>__aeabi_memmove8</STRONG> (Thumb, 0 bytes, Stack size 8 bytes, memmovea.o(.text), UNUSED)

<P><STRONG><a name="[f9]"></a>__aeabi_memset</STRONG> (Thumb, 14 bytes, Stack size 0 bytes, memseta.o(.text))
<BR><BR>[Called By]<UL><LI><a href="#[fa]">&gt;&gt;</a>&nbsp;&nbsp;&nbsp;_memset$wrapper
<LI><a href="#[f8]">&gt;&gt;</a>&nbsp;&nbsp;&nbsp;__aeabi_memclr
</UL>

<P><STRONG><a name="[321]"></a>__aeabi_memset4</STRONG> (Thumb, 0 bytes, Stack size 0 bytes, memseta.o(.text), UNUSED)

<P><STRONG><a name="[322]"></a>__aeabi_memset8</STRONG> (Thumb, 0 bytes, Stack size 0 bytes, memseta.o(.text), UNUSED)

<P><STRONG><a name="[f8]"></a>__aeabi_memclr</STRONG> (Thumb, 4 bytes, Stack size 0 bytes, memseta.o(.text))
<BR><BR>[Calls]<UL><LI><a href="#[f9]">&gt;&gt;</a>&nbsp;&nbsp;&nbsp;__aeabi_memset
</UL>
<BR>[Called By]<UL><LI><a href="#[287]">&gt;&gt;</a>&nbsp;&nbsp;&nbsp;prvCreateTask
<LI><a href="#[285]">&gt;&gt;</a>&nbsp;&nbsp;&nbsp;prvCreateStaticTask
<LI><a href="#[141]">&gt;&gt;</a>&nbsp;&nbsp;&nbsp;vPortFree
<LI><a href="#[170]">&gt;&gt;</a>&nbsp;&nbsp;&nbsp;dhcp_option_trailer
<LI><a href="#[168]">&gt;&gt;</a>&nbsp;&nbsp;&nbsp;dhcp_create_msg
<LI><a href="#[24e]">&gt;&gt;</a>&nbsp;&nbsp;&nbsp;modbus_mapping_new_start_address
</UL>

<P><STRONG><a name="[117]"></a>__aeabi_memclr4</STRONG> (Thumb, 0 bytes, Stack size 0 bytes, memseta.o(.text))
<BR><BR>[Called By]<UL><LI><a href="#[b1]">&gt;&gt;</a>&nbsp;&nbsp;&nbsp;TCP_Server_Tsk
<LI><a href="#[2b2]">&gt;&gt;</a>&nbsp;&nbsp;&nbsp;tcp_alloc
<LI><a href="#[12d]">&gt;&gt;</a>&nbsp;&nbsp;&nbsp;lwip_select
<LI><a href="#[164]">&gt;&gt;</a>&nbsp;&nbsp;&nbsp;dhcp_start
</UL>

<P><STRONG><a name="[323]"></a>__aeabi_memclr8</STRONG> (Thumb, 0 bytes, Stack size 0 bytes, memseta.o(.text), UNUSED)

<P><STRONG><a name="[fa]"></a>_memset$wrapper</STRONG> (Thumb, 18 bytes, Stack size 8 bytes, memseta.o(.text), UNUSED)
<BR><BR>[Calls]<UL><LI><a href="#[f9]">&gt;&gt;</a>&nbsp;&nbsp;&nbsp;__aeabi_memset
</UL>

<P><STRONG><a name="[153]"></a>memcmp</STRONG> (Thumb, 26 bytes, Stack size 12 bytes, memcmp.o(.text))
<BR><BR>[Stack]<UL><LI>Max Depth = 12<LI>Call Chain = memcmp
</UL>
<BR>[Called By]<UL><LI><a href="#[d9]">&gt;&gt;</a>&nbsp;&nbsp;&nbsp;ethernet_input
<LI><a href="#[151]">&gt;&gt;</a>&nbsp;&nbsp;&nbsp;acd_arp_reply
</UL>

<P><STRONG><a name="[257]"></a>strerror</STRONG> (Thumb, 40 bytes, Stack size 0 bytes, strerror.o(.text))
<BR><BR>[Called By]<UL><LI><a href="#[130]">&gt;&gt;</a>&nbsp;&nbsp;&nbsp;modbus_strerror
</UL>

<P><STRONG><a name="[fb]"></a>atoi</STRONG> (Thumb, 26 bytes, Stack size 16 bytes, atoi.o(.text))
<BR><BR>[Stack]<UL><LI>Max Depth = 88<LI>Call Chain = atoi &rArr; strtol &rArr; _strtoul
</UL>
<BR>[Calls]<UL><LI><a href="#[fd]">&gt;&gt;</a>&nbsp;&nbsp;&nbsp;strtol
<LI><a href="#[fc]">&gt;&gt;</a>&nbsp;&nbsp;&nbsp;__aeabi_errno_addr
</UL>
<BR>[Called By]<UL><LI><a href="#[239]">&gt;&gt;</a>&nbsp;&nbsp;&nbsp;netif_find
</UL>

<P><STRONG><a name="[324]"></a>__aeabi_uidiv</STRONG> (Thumb, 0 bytes, Stack size 12 bytes, uidiv.o(.text), UNUSED)

<P><STRONG><a name="[314]"></a>__aeabi_uidivmod</STRONG> (Thumb, 44 bytes, Stack size 12 bytes, uidiv.o(.text), UNUSED)
<BR><BR>[Called By]<UL><LI><a href="#[30d]">&gt;&gt;</a>&nbsp;&nbsp;&nbsp;_printf_core
</UL>

<P><STRONG><a name="[f7]"></a>__aeabi_llsl</STRONG> (Thumb, 30 bytes, Stack size 0 bytes, llshl.o(.text), UNUSED)
<BR><BR>[Called By]<UL><LI><a href="#[f5]">&gt;&gt;</a>&nbsp;&nbsp;&nbsp;__aeabi_uldivmod
<LI><a href="#[102]">&gt;&gt;</a>&nbsp;&nbsp;&nbsp;_double_epilogue
<LI><a href="#[100]">&gt;&gt;</a>&nbsp;&nbsp;&nbsp;__aeabi_dadd
<LI><a href="#[108]">&gt;&gt;</a>&nbsp;&nbsp;&nbsp;__aeabi_d2ulz
</UL>

<P><STRONG><a name="[325]"></a>_ll_shift_l</STRONG> (Thumb, 0 bytes, Stack size 0 bytes, llshl.o(.text), UNUSED)

<P><STRONG><a name="[f6]"></a>__aeabi_llsr</STRONG> (Thumb, 32 bytes, Stack size 0 bytes, llushr.o(.text), UNUSED)
<BR><BR>[Called By]<UL><LI><a href="#[f5]">&gt;&gt;</a>&nbsp;&nbsp;&nbsp;__aeabi_uldivmod
<LI><a href="#[102]">&gt;&gt;</a>&nbsp;&nbsp;&nbsp;_double_epilogue
<LI><a href="#[108]">&gt;&gt;</a>&nbsp;&nbsp;&nbsp;__aeabi_d2ulz
</UL>

<P><STRONG><a name="[326]"></a>_ll_ushift_r</STRONG> (Thumb, 0 bytes, Stack size 0 bytes, llushr.o(.text), UNUSED)

<P><STRONG><a name="[fd]"></a>strtol</STRONG> (Thumb, 112 bytes, Stack size 32 bytes, strtol.o(.text))
<BR><BR>[Stack]<UL><LI>Max Depth = 72<LI>Call Chain = strtol &rArr; _strtoul
</UL>
<BR>[Calls]<UL><LI><a href="#[fe]">&gt;&gt;</a>&nbsp;&nbsp;&nbsp;__rt_ctype_table
<LI><a href="#[ff]">&gt;&gt;</a>&nbsp;&nbsp;&nbsp;_strtoul
<LI><a href="#[fc]">&gt;&gt;</a>&nbsp;&nbsp;&nbsp;__aeabi_errno_addr
</UL>
<BR>[Called By]<UL><LI><a href="#[fb]">&gt;&gt;</a>&nbsp;&nbsp;&nbsp;atoi
</UL>

<P><STRONG><a name="[327]"></a>__I$use$fp</STRONG> (Thumb, 0 bytes, Stack size 48 bytes, iusefp.o(.text), UNUSED)

<P><STRONG><a name="[100]"></a>__aeabi_dadd</STRONG> (Thumb, 322 bytes, Stack size 48 bytes, dadd.o(.text), UNUSED)
<BR><BR>[Calls]<UL><LI><a href="#[101]">&gt;&gt;</a>&nbsp;&nbsp;&nbsp;__aeabi_lasr
<LI><a href="#[103]">&gt;&gt;</a>&nbsp;&nbsp;&nbsp;_double_round
<LI><a href="#[102]">&gt;&gt;</a>&nbsp;&nbsp;&nbsp;_double_epilogue
<LI><a href="#[f7]">&gt;&gt;</a>&nbsp;&nbsp;&nbsp;__aeabi_llsl
</UL>
<BR>[Called By]<UL><LI><a href="#[310]">&gt;&gt;</a>&nbsp;&nbsp;&nbsp;_fp_digits
<LI><a href="#[105]">&gt;&gt;</a>&nbsp;&nbsp;&nbsp;__aeabi_drsub
<LI><a href="#[104]">&gt;&gt;</a>&nbsp;&nbsp;&nbsp;__aeabi_dsub
</UL>

<P><STRONG><a name="[104]"></a>__aeabi_dsub</STRONG> (Thumb, 6 bytes, Stack size 0 bytes, dadd.o(.text), UNUSED)
<BR><BR>[Calls]<UL><LI><a href="#[100]">&gt;&gt;</a>&nbsp;&nbsp;&nbsp;__aeabi_dadd
</UL>

<P><STRONG><a name="[105]"></a>__aeabi_drsub</STRONG> (Thumb, 6 bytes, Stack size 0 bytes, dadd.o(.text), UNUSED)
<BR><BR>[Calls]<UL><LI><a href="#[100]">&gt;&gt;</a>&nbsp;&nbsp;&nbsp;__aeabi_dadd
</UL>

<P><STRONG><a name="[106]"></a>__aeabi_dmul</STRONG> (Thumb, 228 bytes, Stack size 48 bytes, dmul.o(.text), UNUSED)
<BR><BR>[Calls]<UL><LI><a href="#[102]">&gt;&gt;</a>&nbsp;&nbsp;&nbsp;_double_epilogue
</UL>
<BR>[Called By]<UL><LI><a href="#[310]">&gt;&gt;</a>&nbsp;&nbsp;&nbsp;_fp_digits
</UL>

<P><STRONG><a name="[107]"></a>__aeabi_ddiv</STRONG> (Thumb, 222 bytes, Stack size 32 bytes, ddiv.o(.text), UNUSED)
<BR><BR>[Calls]<UL><LI><a href="#[103]">&gt;&gt;</a>&nbsp;&nbsp;&nbsp;_double_round
</UL>
<BR>[Called By]<UL><LI><a href="#[310]">&gt;&gt;</a>&nbsp;&nbsp;&nbsp;_fp_digits
</UL>

<P><STRONG><a name="[108]"></a>__aeabi_d2ulz</STRONG> (Thumb, 48 bytes, Stack size 0 bytes, dfixul.o(.text), UNUSED)
<BR><BR>[Calls]<UL><LI><a href="#[f6]">&gt;&gt;</a>&nbsp;&nbsp;&nbsp;__aeabi_llsr
<LI><a href="#[f7]">&gt;&gt;</a>&nbsp;&nbsp;&nbsp;__aeabi_llsl
</UL>
<BR>[Called By]<UL><LI><a href="#[310]">&gt;&gt;</a>&nbsp;&nbsp;&nbsp;_fp_digits
</UL>

<P><STRONG><a name="[311]"></a>__aeabi_cdrcmple</STRONG> (Thumb, 48 bytes, Stack size 0 bytes, cdrcmple.o(.text), UNUSED)
<BR><BR>[Called By]<UL><LI><a href="#[310]">&gt;&gt;</a>&nbsp;&nbsp;&nbsp;_fp_digits
</UL>

<P><STRONG><a name="[f4]"></a>__scatterload</STRONG> (Thumb, 28 bytes, Stack size 0 bytes, init.o(.text))
<BR><BR>[Calls]<UL><LI><a href="#[109]">&gt;&gt;</a>&nbsp;&nbsp;&nbsp;__main_after_scatterload
</UL>
<BR>[Called By]<UL><LI><a href="#[f3]">&gt;&gt;</a>&nbsp;&nbsp;&nbsp;_main_scatterload
</UL>

<P><STRONG><a name="[328]"></a>__scatterload_rt2</STRONG> (Thumb, 0 bytes, Stack size 0 bytes, init.o(.text), UNUSED)

<P><STRONG><a name="[101]"></a>__aeabi_lasr</STRONG> (Thumb, 36 bytes, Stack size 0 bytes, llsshr.o(.text), UNUSED)
<BR><BR>[Called By]<UL><LI><a href="#[100]">&gt;&gt;</a>&nbsp;&nbsp;&nbsp;__aeabi_dadd
</UL>

<P><STRONG><a name="[329]"></a>_ll_sshift_r</STRONG> (Thumb, 0 bytes, Stack size 0 bytes, llsshr.o(.text), UNUSED)

<P><STRONG><a name="[ff]"></a>_strtoul</STRONG> (Thumb, 158 bytes, Stack size 40 bytes, _strtoul.o(.text))
<BR><BR>[Stack]<UL><LI>Max Depth = 40<LI>Call Chain = _strtoul
</UL>
<BR>[Calls]<UL><LI><a href="#[10a]">&gt;&gt;</a>&nbsp;&nbsp;&nbsp;_chval
<LI><a href="#[fc]">&gt;&gt;</a>&nbsp;&nbsp;&nbsp;__aeabi_errno_addr
</UL>
<BR>[Called By]<UL><LI><a href="#[fd]">&gt;&gt;</a>&nbsp;&nbsp;&nbsp;strtol
</UL>

<P><STRONG><a name="[103]"></a>_double_round</STRONG> (Thumb, 30 bytes, Stack size 8 bytes, depilogue.o(.text), UNUSED)
<BR><BR>[Called By]<UL><LI><a href="#[102]">&gt;&gt;</a>&nbsp;&nbsp;&nbsp;_double_epilogue
<LI><a href="#[107]">&gt;&gt;</a>&nbsp;&nbsp;&nbsp;__aeabi_ddiv
<LI><a href="#[100]">&gt;&gt;</a>&nbsp;&nbsp;&nbsp;__aeabi_dadd
</UL>

<P><STRONG><a name="[102]"></a>_double_epilogue</STRONG> (Thumb, 156 bytes, Stack size 32 bytes, depilogue.o(.text), UNUSED)
<BR><BR>[Calls]<UL><LI><a href="#[103]">&gt;&gt;</a>&nbsp;&nbsp;&nbsp;_double_round
<LI><a href="#[f6]">&gt;&gt;</a>&nbsp;&nbsp;&nbsp;__aeabi_llsr
<LI><a href="#[f7]">&gt;&gt;</a>&nbsp;&nbsp;&nbsp;__aeabi_llsl
</UL>
<BR>[Called By]<UL><LI><a href="#[106]">&gt;&gt;</a>&nbsp;&nbsp;&nbsp;__aeabi_dmul
<LI><a href="#[100]">&gt;&gt;</a>&nbsp;&nbsp;&nbsp;__aeabi_dadd
</UL>

<P><STRONG><a name="[10a]"></a>_chval</STRONG> (Thumb, 28 bytes, Stack size 0 bytes, _chval.o(.text))
<BR><BR>[Called By]<UL><LI><a href="#[ff]">&gt;&gt;</a>&nbsp;&nbsp;&nbsp;_strtoul
</UL>

<P><STRONG><a name="[32a]"></a>__decompress</STRONG> (Thumb, 0 bytes, Stack size unknown bytes, __dczerorl.o(.text), UNUSED)

<P><STRONG><a name="[32b]"></a>__decompress0</STRONG> (Thumb, 58 bytes, Stack size unknown bytes, __dczerorl.o(.text), UNUSED)

<P><STRONG><a name="[4]"></a>BusFault_Handler</STRONG> (Thumb, 2 bytes, Stack size 0 bytes, gd32h7xx_it.o(.text.BusFault_Handler))
<BR><BR>[Calls]<UL><LI><a href="#[4]">&gt;&gt;</a>&nbsp;&nbsp;&nbsp;BusFault_Handler
</UL>
<BR>[Called By]<UL><LI><a href="#[4]">&gt;&gt;</a>&nbsp;&nbsp;&nbsp;BusFault_Handler
</UL>
<BR>[Address Reference Count : 1]<UL><LI> startup_gd32h7xx.o(RESET)
</UL>
[...]
</UL>
<BR>[Called By]<UL><LI><a href="#[290]">&gt;&gt;</a>&nbsp;&nbsp;&nbsp;prvReloadTimer
<LI><a href="#[291]">&gt;&gt;</a>&nbsp;&nbsp;&nbsp;prvProcessReceivedCommands
</UL>

<P><STRONG><a name="[28f]"></a>prvProcessExpiredTimer</STRONG> (Thumb, 62 bytes, Stack size 16 bytes, timers.o(.text.prvProcessExpiredTimer))
<BR><BR>[Stack]<UL><LI>Max Depth = 48<LI>Call Chain = prvProcessExpiredTimer &rArr; prvReloadTimer &rArr; prvInsertTimerInActiveList &rArr; vListInsert
</UL>
<BR>[Calls]<UL><LI><a href="#[290]">&gt;&gt;</a>&nbsp;&nbsp;&nbsp;prvReloadTimer
<LI><a href="#[275]">&gt;&gt;</a>&nbsp;&nbsp;&nbsp;uxListRemove
</UL>
<BR>[Called By]<UL><LI><a href="#[299]">&gt;&gt;</a>&nbsp;&nbsp;&nbsp;prvSwitchTimerLists
<LI><a href="#[294]">&gt;&gt;</a>&nbsp;&nbsp;&nbsp;prvProcessTimerOrBlockTask
</UL>

<P><STRONG><a name="[291]"></a>prvProcessReceivedCommands</STRONG> (Thumb, 278 bytes, Stack size 40 bytes, timers.o(.text.prvProcessReceivedCommands))
<BR><BR>[Stack]<UL><LI>Max Depth = 176<LI>Call Chain = prvProcessReceivedCommands &rArr; xQueueReceive &rArr; xTaskResumeAll &rArr; xTaskIncrementTick
</UL>
<BR>[Calls]<UL><LI><a href="#[293]">&gt;&gt;</a>&nbsp;&nbsp;&nbsp;prvSampleTimeNow
<LI><a href="#[290]">&gt;&gt;</a>&nbsp;&nbsp;&nbsp;prvReloadTimer
<LI><a href="#[28c]">&gt;&gt;</a>&nbsp;&nbsp;&nbsp;prvInsertTimerInActiveList
<LI><a href="#[275]">&gt;&gt;</a>&nbsp;&nbsp;&nbsp;uxListRemove
<LI><a href="#[141]">&gt;&gt;</a>&nbsp;&nbsp;&nbsp;vPortFree
<LI><a href="#[292]">&gt;&gt;</a>&nbsp;&nbsp;&nbsp;xQueueReceive
</UL>
<BR>[Called By]<UL><LI><a href="#[da]">&gt;&gt;</a>&nbsp;&nbsp;&nbsp;prvTimerTask
</UL>

<P><STRONG><a name="[294]"></a>prvProcessTimerOrBlockTask</STRONG> (Thumb, 130 bytes, Stack size 24 bytes, timers.o(.text.prvProcessTimerOrBlockTask))
<BR><BR>[Stack]<UL><LI>Max Depth = 104<LI>Call Chain = prvProcessTimerOrBlockTask &rArr; xTaskResumeAll &rArr; xTaskIncrementTick
</UL>
<BR>[Calls]<UL><LI><a href="#[293]">&gt;&gt;</a>&nbsp;&nbsp;&nbsp;prvSampleTimeNow
<LI><a href="#[28f]">&gt;&gt;</a>&nbsp;&nbsp;&nbsp;prvProcessExpiredTimer
<LI><a href="#[297]">&gt;&gt;</a>&nbsp;&nbsp;&nbsp;vQueueWaitForMessageRestricted
<LI><a href="#[296]">&gt;&gt;</a>&nbsp;&nbsp;&nbsp;xTaskResumeAll
<LI><a href="#[295]">&gt;&gt;</a>&nbsp;&nbsp;&nbsp;vTaskSuspendAll
</UL>
<BR>[Called By]<UL><LI><a href="#[da]">&gt;&gt;</a>&nbsp;&nbsp;&nbsp;prvTimerTask
</UL>

<P><STRONG><a name="[290]"></a>prvReloadTimer</STRONG> (Thumb, 60 bytes, Stack size 16 bytes, timers.o(.text.prvReloadTimer))
<BR><BR>[Stack]<UL><LI>Max Depth = 32<LI>Call Chain = prvReloadTimer &rArr; prvInsertTimerInActiveList &rArr; vListInsert
</UL>
<BR>[Calls]<UL><LI><a href="#[28c]">&gt;&gt;</a>&nbsp;&nbsp;&nbsp;prvInsertTimerInActiveList
</UL>
<BR>[Called By]<UL><LI><a href="#[291]">&gt;&gt;</a>&nbsp;&nbsp;&nbsp;prvProcessReceivedCommands
<LI><a href="#[28f]">&gt;&gt;</a>&nbsp;&nbsp;&nbsp;prvProcessExpiredTimer
</UL>

<P><STRONG><a name="[293]"></a>prvSampleTimeNow</STRONG> (Thumb, 42 bytes, Stack size 16 bytes, timers.o(.text.prvSampleTimeNow))
<BR><BR>[Stack]<UL><LI>Max Depth = 72<LI>Call Chain = prvSampleTimeNow &rArr; prvSwitchTimerLists &rArr; prvProcessExpiredTimer &rArr; prvReloadTimer &rArr; prvInsertTimerInActiveList &rArr; vListInsert
</UL>
<BR>[Calls]<UL><LI><a href="#[299]">&gt;&gt;</a>&nbsp;&nbsp;&nbsp;prvSwitchTimerLists
<LI><a href="#[298]">&gt;&gt;</a>&nbsp;&nbsp;&nbsp;xTaskGetTickCount
</UL>
<BR>[Called By]<UL><LI><a href="#[294]">&gt;&gt;</a>&nbsp;&nbsp;&nbsp;prvProcessTimerOrBlockTask
<LI><a href="#[291]">&gt;&gt;</a>&nbsp;&nbsp;&nbsp;prvProcessReceivedCommands
</UL>

<P><STRONG><a name="[299]"></a>prvSwitchTimerLists</STRONG> (Thumb, 52 bytes, Stack size 8 bytes, timers.o(.text.prvSwitchTimerLists))
<BR><BR>[Stack]<UL><LI>Max Depth = 56<LI>Call Chain = prvSwitchTimerLists &rArr; prvProcessExpiredTimer &rArr; prvReloadTimer &rArr; prvInsertTimerInActiveList &rArr; vListInsert
</UL>
<BR>[Calls]<UL><LI><a href="#[28f]">&gt;&gt;</a>&nbsp;&nbsp;&nbsp;prvProcessExpiredTimer
</UL>
<BR>[Called By]<UL><LI><a href="#[293]">&gt;&gt;</a>&nbsp;&nbsp;&nbsp;prvSampleTimeNow
</UL>

<P><STRONG><a name="[da]"></a>prvTimerTask</STRONG> (Thumb, 22 bytes, Stack size 8 bytes, timers.o(.text.prvTimerTask))
<BR><BR>[Stack]<UL><LI>Max Depth = 184<LI>Call Chain = prvTimerTask &rArr; prvProcessReceivedCommands &rArr; xQueueReceive &rArr; xTaskResumeAll &rArr; xTaskIncrementTick
</UL>
<BR>[Calls]<UL><LI><a href="#[294]">&gt;&gt;</a>&nbsp;&nbsp;&nbsp;prvProcessTimerOrBlockTask
<LI><a href="#[291]">&gt;&gt;</a>&nbsp;&nbsp;&nbsp;prvProcessReceivedCommands
<LI><a href="#[29a]">&gt;&gt;</a>&nbsp;&nbsp;&nbsp;prvGetNextExpireTime
</UL>
<BR>[Address Reference Count : 1]<UL><LI> timers.o(.text.xTimerCreateTimerTask)
</UL>
<P><STRONG><a name="[302]"></a>prvPortStartFirstTask</STRONG> (Thumb, 40 bytes, Stack size 0 bytes, port.o(.text.prvPortStartFirstTask))
<BR><BR>[Called By]<UL><LI><a href="#[2ff]">&gt;&gt;</a>&nbsp;&nbsp;&nbsp;xPortStartScheduler
</UL>

<P><STRONG><a name="[d2]"></a>prvTaskExitError</STRONG> (Thumb, 54 bytes, Stack size 4 bytes, port.o(.text.prvTaskExitError))
<BR><BR>[Stack]<UL><LI>Max Depth = 4<LI>Call Chain = prvTaskExitError
</UL>
<BR>[Called By]<UL><LI><a href="#[2ff]">&gt;&gt;</a>&nbsp;&nbsp;&nbsp;xPortStartScheduler
</UL>
<BR>[Address Reference Count : 1]<UL><LI> port.o(.text.pxPortInitialiseStack)
</UL>
<P><STRONG><a name="[301]"></a>vPortEnableVFP</STRONG> (Thumb, 20 bytes, Stack size 0 bytes, port.o(.text.vPortEnableVFP))
<BR><BR>[Called By]<UL><LI><a href="#[2ff]">&gt;&gt;</a>&nbsp;&nbsp;&nbsp;xPortStartScheduler
</UL>

<P><STRONG><a name="[29e]"></a>prvHeapInit</STRONG> (Thumb, 108 bytes, Stack size 0 bytes, heap_4.o(.text.prvHeapInit))
<BR><BR>[Called By]<UL><LI><a href="#[24f]">&gt;&gt;</a>&nbsp;&nbsp;&nbsp;pvPortMalloc
</UL>

<P><STRONG><a name="[2f7]"></a>prvInsertBlockIntoFreeList</STRONG> (Thumb, 138 bytes, Stack size 0 bytes, heap_4.o(.text.prvInsertBlockIntoFreeList))
<BR><BR>[Called By]<UL><LI><a href="#[141]">&gt;&gt;</a>&nbsp;&nbsp;&nbsp;vPortFree
</UL>

<P><STRONG><a name="[138]"></a>_sleep_response_timeout</STRONG> (Thumb, 40 bytes, Stack size 8 bytes, modbus.o(.text._sleep_response_timeout))
<BR><BR>[Stack]<UL><LI>Max Depth = 96<LI>Call Chain = _sleep_response_timeout &rArr; vTaskDelay &rArr; xTaskResumeAll &rArr; xTaskIncrementTick
</UL>
<BR>[Calls]<UL><LI><a href="#[145]">&gt;&gt;</a>&nbsp;&nbsp;&nbsp;vTaskDelay
</UL>
<BR>[Called By]<UL><LI><a href="#[132]">&gt;&gt;</a>&nbsp;&nbsp;&nbsp;_modbus_receive_msg
<LI><a href="#[256]">&gt;&gt;</a>&nbsp;&nbsp;&nbsp;send_msg
<LI><a href="#[254]">&gt;&gt;</a>&nbsp;&nbsp;&nbsp;response_exception
</UL>

<P><STRONG><a name="[136]"></a>compute_data_length_after_meta</STRONG> (Thumb, 86 bytes, Stack size 8 bytes, modbus.o(.text.compute_data_length_after_meta))
<BR><BR>[Stack]<UL><LI>Max Depth = 8<LI>Call Chain = compute_data_length_after_meta
</UL>
<BR>[Called By]<UL><LI><a href="#[132]">&gt;&gt;</a>&nbsp;&nbsp;&nbsp;_modbus_receive_msg
</UL>

<P><STRONG><a name="[135]"></a>compute_meta_length_after_function</STRONG> (Thumb, 78 bytes, Stack size 0 bytes, modbus.o(.text.compute_meta_length_after_function))
<BR><BR>[Called By]<UL><LI><a href="#[132]">&gt;&gt;</a>&nbsp;&nbsp;&nbsp;_modbus_receive_msg
</UL>

<P><STRONG><a name="[252]"></a>compute_response_length_from_request</STRONG> (Thumb, 118 bytes, Stack size 8 bytes, modbus.o(.text.compute_response_length_from_request))
<BR><BR>[Stack]<UL><LI>Max Depth = 8<LI>Call Chain = compute_response_length_from_request
</UL>
<BR>[Called By]<UL><LI><a href="#[122]">&gt;&gt;</a>&nbsp;&nbsp;&nbsp;modbus_reply
</UL>

<P><STRONG><a name="[254]"></a>response_exception</STRONG> (Thumb, 86 bytes, Stack size 32 bytes, modbus.o(.text.response_exception))
<BR><BR>[Stack]<UL><LI>Max Depth = 128<LI>Call Chain = response_exception &rArr; _sleep_response_timeout &rArr; vTaskDelay &rArr; xTaskResumeAll &rArr; xTaskIncrementTick
</UL>
<BR>[Calls]<UL><LI><a href="#[11e]">&gt;&gt;</a>&nbsp;&nbsp;&nbsp;modbus_flush
<LI><a href="#[138]">&gt;&gt;</a>&nbsp;&nbsp;&nbsp;_sleep_response_timeout
<LI><a href="#[2a1]">&gt;&gt;</a>&nbsp;&nbsp;&nbsp;vfprintf
</UL>
<BR>[Called By]<UL><LI><a href="#[122]">&gt;&gt;</a>&nbsp;&nbsp;&nbsp;modbus_reply
</UL>

<P><STRONG><a name="[253]"></a>response_io_status</STRONG> (Thumb, 80 bytes, Stack size 16 bytes, modbus.o(.text.response_io_status))
<BR><BR>[Stack]<UL><LI>Max Depth = 16<LI>Call Chain = response_io_status
</UL>
<BR>[Called By]<UL><LI><a href="#[122]">&gt;&gt;</a>&nbsp;&nbsp;&nbsp;modbus_reply
</UL>

<P><STRONG><a name="[256]"></a>send_msg</STRONG> (Thumb, 196 bytes, Stack size 32 bytes, modbus.o(.text.send_msg))
<BR><BR>[Stack]<UL><LI>Max Depth = 128<LI>Call Chain = send_msg &rArr; _sleep_response_timeout &rArr; vTaskDelay &rArr; xTaskResumeAll &rArr; xTaskIncrementTick
</UL>
<BR>[Calls]<UL><LI><a href="#[11e]">&gt;&gt;</a>&nbsp;&nbsp;&nbsp;modbus_flush
<LI><a href="#[124]">&gt;&gt;</a>&nbsp;&nbsp;&nbsp;modbus_close
<LI><a href="#[134]">&gt;&gt;</a>&nbsp;&nbsp;&nbsp;__2printf
<LI><a href="#[137]">&gt;&gt;</a>&nbsp;&nbsp;&nbsp;putchar
<LI><a href="#[139]">&gt;&gt;</a>&nbsp;&nbsp;&nbsp;modbus_connect
<LI><a href="#[12f]">&gt;&gt;</a>&nbsp;&nbsp;&nbsp;_error_print
<LI><a href="#[138]">&gt;&gt;</a>&nbsp;&nbsp;&nbsp;_sleep_response_timeout
</UL>
<BR>[Called By]<UL><LI><a href="#[122]">&gt;&gt;</a>&nbsp;&nbsp;&nbsp;modbus_reply
</UL>

<P><STRONG><a name="[12b]"></a>_connect</STRONG> (Thumb, 134 bytes, Stack size 48 bytes, modbus-tcp.o(.text._connect))
<BR><BR>[Stack]<UL><LI>Max Depth = 304<LI>Call Chain = _connect &rArr; lwip_select &rArr; sys_sem_new &rArr; xQueueCreateCountingSemaphore &rArr; xQueueGenericCreate &rArr; pvPortMalloc &rArr; xTaskResumeAll &rArr; xTaskIncrementTick
</UL>
<BR>[Calls]<UL><LI><a href="#[12d]">&gt;&gt;</a>&nbsp;&nbsp;&nbsp;lwip_select
<LI><a href="#[12e]">&gt;&gt;</a>&nbsp;&nbsp;&nbsp;lwip_getsockopt
<LI><a href="#[12c]">&gt;&gt;</a>&nbsp;&nbsp;&nbsp;lwip_connect
</UL>
<BR>[Called By]<UL><LI><a href="#[e6]">&gt;&gt;</a>&nbsp;&nbsp;&nbsp;_modbus_tcp_connect
</UL>

<P><STRONG><a name="[dc]"></a>_modbus_set_slave</STRONG> (Thumb, 50 bytes, Stack size 0 bytes, modbus-tcp.o(.text._modbus_set_slave))
<BR>[Address Reference Count : 1]<UL><LI> modbus-tcp.o(.rodata._modbus_tcp_backend)
</UL>
<P><STRONG><a name="[dd]"></a>_modbus_tcp_build_request_basis</STRONG> (Thumb, 58 bytes, Stack size 16 bytes, modbus-tcp.o(.text._modbus_tcp_build_request_basis))
<BR><BR>[Stack]<UL><LI>Max Depth = 16<LI>Call Chain = _modbus_tcp_build_request_basis
</UL>
<BR>[Address Reference Count : 1]<UL><LI> modbus-tcp.o(.rodata._modbus_tcp_backend)
</UL>
<P><STRONG><a name="[de]"></a>_modbus_tcp_build_response_basis</STRONG> (Thumb, 28 bytes, Stack size 0 bytes, modbus-tcp.o(.text._modbus_tcp_build_response_basis))
<BR>[Address Reference Count : 1]<UL><LI> modbus-tcp.o(.rodata._modbus_tcp_backend)
</UL>
<P><STRONG><a name="[e4]"></a>_modbus_tcp_check_integrity</STRONG> (Thumb, 4 bytes, Stack size 0 bytes, modbus-tcp.o(.text._modbus_tcp_check_integrity))
<BR>[Address Reference Count : 1]<UL><LI> modbus-tcp.o(.rodata._modbus_tcp_backend)
</UL>
<P><STRONG><a name="[e8]"></a>_modbus_tcp_close</STRONG> (Thumb, 32 bytes, Stack size 8 bytes, modbus-tcp.o(.text._modbus_tcp_close))
<BR><BR>[Stack]<UL><LI>Max Depth = 296<LI>Call Chain = _modbus_tcp_close &rArr; lwip_close &rArr; free_socket &rArr; free_socket_free_elements &rArr; netconn_delete &rArr; netconn_prepare_delete &rArr; netconn_apimsg &rArr; tcpip_send_msg_wait_sem &rArr; sys_mbox_post &rArr; xQueueGenericSend &rArr; xTaskResumeAll &rArr; xTaskIncrementTick
</UL>
<BR>[Calls]<UL><LI><a href="#[13a]">&gt;&gt;</a>&nbsp;&nbsp;&nbsp;lwip_shutdown
<LI><a href="#[13b]">&gt;&gt;</a>&nbsp;&nbsp;&nbsp;lwip_close
</UL>
<BR>[Address Reference Count : 1]<UL><LI> modbus-tcp.o(.rodata._modbus_tcp_backend)
</UL>
<P><STRONG><a name="[e6]"></a>_modbus_tcp_connect</STRONG> (Thumb, 156 bytes, Stack size 32 bytes, modbus-tcp.o(.text._modbus_tcp_connect))
<BR><BR>[Stack]<UL><LI>Max Depth = 336<LI>Call Chain = _modbus_tcp_connect &rArr; _connect &rArr; lwip_select &rArr; sys_sem_new &rArr; xQueueCreateCountingSemaphore &rArr; xQueueGenericCreate &rArr; pvPortMalloc &rArr; xTaskResumeAll &rArr; xTaskIncrementTick
</UL>
<BR>[Calls]<UL><LI><a href="#[13c]">&gt;&gt;</a>&nbsp;&nbsp;&nbsp;lwip_socket
<LI><a href="#[13f]">&gt;&gt;</a>&nbsp;&nbsp;&nbsp;lwip_inet_pton
<LI><a href="#[13e]">&gt;&gt;</a>&nbsp;&nbsp;&nbsp;lwip_htons
<LI><a href="#[13b]">&gt;&gt;</a>&nbsp;&nbsp;&nbsp;lwip_close
<LI><a href="#[134]">&gt;&gt;</a>&nbsp;&nbsp;&nbsp;__2printf
<LI><a href="#[131]">&gt;&gt;</a>&nbsp;&nbsp;&nbsp;__2fprintf
<LI><a href="#[13d]">&gt;&gt;</a>&nbsp;&nbsp;&nbsp;_modbus_tcp_set_ipv4_options
<LI><a href="#[12b]">&gt;&gt;</a>&nbsp;&nbsp;&nbsp;_connect
</UL>
<BR>[Address Reference Count : 1]<UL><LI> modbus-tcp.o(.rodata._modbus_tcp_backend)
</UL>
<P><STRONG><a name="[e9]"></a>_modbus_tcp_flush</STRONG> (Thumb, 106 bytes, Stack size 296 bytes, modbus-tcp.o(.text._modbus_tcp_flush))
<BR><BR>[Stack]<UL><LI>Max Depth = 712<LI>Call Chain = _modbus_tcp_flush &rArr; lwip_recv &rArr; lwip_recvfrom &rArr; lwip_recv_tcp &rArr; netconn_recv_tcp_pbuf_flags &rArr; netconn_recv_data_tcp &rArr; netconn_close_shutdown &rArr; netconn_apimsg &rArr; tcpip_send_msg_wait_sem &rArr; sys_mbox_post &rArr; xQueueGenericSend &rArr; xTaskResumeAll &rArr; xTaskIncrementTick
</UL>
<BR>[Calls]<UL><LI><a href="#[140]">&gt;&gt;</a>&nbsp;&nbsp;&nbsp;lwip_recv
</UL>
<BR>[Address Reference Count : 1]<UL><LI> modbus-tcp.o(.rodata._modbus_tcp_backend)
</UL>
<P><STRONG><a name="[eb]"></a>_modbus_tcp_free</STRONG> (Thumb, 20 bytes, Stack size 8 bytes, modbus-tcp.o(.text._modbus_tcp_free))
<BR><BR>[Stack]<UL><LI>Max Depth = 104<LI>Call Chain = _modbus_tcp_free &rArr; vPortFree &rArr; xTaskResumeAll &rArr; xTaskIncrementTick
</UL>
<BR>[Calls]<UL><LI><a href="#[141]">&gt;&gt;</a>&nbsp;&nbsp;&nbsp;vPortFree
</UL>
<BR>[Address Reference Count : 1]<UL><LI> modbus-tcp.o(.rodata._modbus_tcp_backend)
</UL>
<P><STRONG><a name="[df]"></a>_modbus_tcp_get_response_tid</STRONG> (Thumb, 8 bytes, Stack size 0 bytes, modbus-tcp.o(.text._modbus_tcp_get_response_tid))
<BR>[Address Reference Count : 1]<UL><LI> modbus-tcp.o(.rodata._modbus_tcp_backend)
</UL>
<P><STRONG><a name="[e7]"></a>_modbus_tcp_is_connected</STRONG> (Thumb, 8 bytes, Stack size 0 bytes, modbus-tcp.o(.text._modbus_tcp_is_connected))
<BR>[Address Reference Count : 1]<UL><LI> modbus-tcp.o(.rodata._modbus_tcp_backend)
</UL>
<P><STRONG><a name="[e5]"></a>_modbus_tcp_pre_check_confirmation</STRONG> (Thumb, 108 bytes, Stack size 8 bytes, modbus-tcp.o(.text._modbus_tcp_pre_check_confirmation))
<BR><BR>[Stack]<UL><LI>Max Depth = 32<LI>Call Chain = _modbus_tcp_pre_check_confirmation &rArr; __2fprintf
</UL>
<BR>[Calls]<UL><LI><a href="#[131]">&gt;&gt;</a>&nbsp;&nbsp;&nbsp;__2fprintf
</UL>
<BR>[Address Reference Count : 1]<UL><LI> modbus-tcp.o(.rodata._modbus_tcp_backend)
</UL>
<P><STRONG><a name="[e2]"></a>_modbus_tcp_receive</STRONG> (Thumb, 10 bytes, Stack size 8 bytes, modbus-tcp.o(.text._modbus_tcp_receive))
<BR><BR>[Stack]<UL><LI>Max Depth = 176<LI>Call Chain = _modbus_tcp_receive &rArr; _modbus_receive_msg &rArr; _sleep_response_timeout &rArr; vTaskDelay &rArr; xTaskResumeAll &rArr; xTaskIncrementTick
</UL>
<BR>[Calls]<UL><LI><a href="#[132]">&gt;&gt;</a>&nbsp;&nbsp;&nbsp;_modbus_receive_msg
</UL>
<BR>[Address Reference Count : 1]<UL><LI> modbus-tcp.o(.rodata._modbus_tcp_backend)
</UL>
<P><STRONG><a name="[e3]"></a>_modbus_tcp_recv</STRONG> (Thumb, 12 bytes, Stack size 8 bytes, modbus-tcp.o(.text._modbus_tcp_recv))
<BR><BR>[Stack]<UL><LI>Max Depth = 424<LI>Call Chain = _modbus_tcp_recv &rArr; lwip_recv &rArr; lwip_recvfrom &rArr; lwip_recv_tcp &rArr; netconn_recv_tcp_pbuf_flags &rArr; netconn_recv_data_tcp &rArr; netconn_close_shutdown &rArr; netconn_apimsg &rArr; tcpip_send_msg_wait_sem &rArr; sys_mbox_post &rArr; xQueueGenericSend &rArr; xTaskResumeAll &rArr; xTaskIncrementTick
</UL>
<BR>[Calls]<UL><LI><a href="#[140]">&gt;&gt;</a>&nbsp;&nbsp;&nbsp;lwip_recv
</UL>
<BR>[Address Reference Count : 1]<UL><LI> modbus-tcp.o(.rodata._modbus_tcp_backend)
</UL>
<P><STRONG><a name="[ea]"></a>_modbus_tcp_select</STRONG> (Thumb, 132 bytes, Stack size 40 bytes, modbus-tcp.o(.text._modbus_tcp_select))
<BR><BR>[Stack]<UL><LI>Max Depth = 296<LI>Call Chain = _modbus_tcp_select &rArr; lwip_select &rArr; sys_sem_new &rArr; xQueueCreateCountingSemaphore &rArr; xQueueGenericCreate &rArr; pvPortMalloc &rArr; xTaskResumeAll &rArr; xTaskIncrementTick
</UL>
<BR>[Calls]<UL><LI><a href="#[12d]">&gt;&gt;</a>&nbsp;&nbsp;&nbsp;lwip_select
<LI><a href="#[133]">&gt;&gt;</a>&nbsp;&nbsp;&nbsp;fwrite
</UL>
<BR>[Address Reference Count : 1]<UL><LI> modbus-tcp.o(.rodata._modbus_tcp_backend)
</UL>
<P><STRONG><a name="[e1]"></a>_modbus_tcp_send</STRONG> (Thumb, 12 bytes, Stack size 8 bytes, modbus-tcp.o(.text._modbus_tcp_send))
<BR><BR>[Stack]<UL><LI>Max Depth = 328<LI>Call Chain = _modbus_tcp_send &rArr; lwip_send &rArr; lwip_sendto &rArr;  lwip_send (Cycle)
</UL>
<BR>[Calls]<UL><LI><a href="#[142]">&gt;&gt;</a>&nbsp;&nbsp;&nbsp;lwip_send
</UL>
<BR>[Address Reference Count : 1]<UL><LI> modbus-tcp.o(.rodata._modbus_tcp_backend)
</UL>
<P><STRONG><a name="[e0]"></a>_modbus_tcp_send_msg_pre</STRONG> (Thumb, 12 bytes, Stack size 0 bytes, modbus-tcp.o(.text._modbus_tcp_send_msg_pre))
<BR>[Address Reference Count : 1]<UL><LI> modbus-tcp.o(.rodata._modbus_tcp_backend)
</UL>
<P><STRONG><a name="[13d]"></a>_modbus_tcp_set_ipv4_options</STRONG> (Thumb, 62 bytes, Stack size 24 bytes, modbus-tcp.o(.text._modbus_tcp_set_ipv4_options))
<BR><BR>[Stack]<UL><LI>Max Depth = 232<LI>Call Chain = _modbus_tcp_set_ipv4_options &rArr; lwip_setsockopt &rArr; tcpip_callback &rArr; sys_mbox_post &rArr; xQueueGenericSend &rArr; xTaskResumeAll &rArr; xTaskIncrementTick
</UL>
<BR>[Calls]<UL><LI><a href="#[143]">&gt;&gt;</a>&nbsp;&nbsp;&nbsp;lwip_setsockopt
<LI><a href="#[144]">&gt;&gt;</a>&nbsp;&nbsp;&nbsp;lwip_ioctl
</UL>
<BR>[Called By]<UL><LI><a href="#[e6]">&gt;&gt;</a>&nbsp;&nbsp;&nbsp;_modbus_tcp_connect
</UL>

<P><STRONG><a name="[310]"></a>_fp_digits</STRONG> (Thumb, 366 bytes, Stack size 64 bytes, printfa.o(i._fp_digits), UNUSED)
<BR><BR>[Calls]<UL><LI><a href="#[f5]">&gt;&gt;</a>&nbsp;&nbsp;&nbsp;__aeabi_uldivmod
<LI><a href="#[106]">&gt;&gt;</a>&nbsp;&nbsp;&nbsp;__aeabi_dmul
<LI><a href="#[107]">&gt;&gt;</a>&nbsp;&nbsp;&nbsp;__aeabi_ddiv
<LI><a href="#[100]">&gt;&gt;</a>&nbsp;&nbsp;&nbsp;__aeabi_dadd
<LI><a href="#[108]">&gt;&gt;</a>&nbsp;&nbsp;&nbsp;__aeabi_d2ulz
<LI><a href="#[311]">&gt;&gt;</a>&nbsp;&nbsp;&nbsp;__aeabi_cdrcmple
</UL>
<BR>[Called By]<UL><LI><a href="#[30d]">&gt;&gt;</a>&nbsp;&nbsp;&nbsp;_printf_core
</UL>

<P><STRONG><a name="[30d]"></a>_printf_core</STRONG> (Thumb, 1744 bytes, Stack size 136 bytes, printfa.o(i._printf_core), UNUSED)
<BR><BR>[Calls]<UL><LI><a href="#[312]">&gt;&gt;</a>&nbsp;&nbsp;&nbsp;_printf_pre_padding
<LI><a href="#[313]">&gt;&gt;</a>&nbsp;&nbsp;&nbsp;_printf_post_padding
<LI><a href="#[310]">&gt;&gt;</a>&nbsp;&nbsp;&nbsp;_fp_digits
<LI><a href="#[f5]">&gt;&gt;</a>&nbsp;&nbsp;&nbsp;__aeabi_uldivmod
<LI><a href="#[314]">&gt;&gt;</a>&nbsp;&nbsp;&nbsp;__aeabi_uidivmod
</UL>
<BR>[Called By]<UL><LI><a href="#[30f]">&gt;&gt;</a>&nbsp;&nbsp;&nbsp;__0vfprintf
<LI><a href="#[30e]">&gt;&gt;</a>&nbsp;&nbsp;&nbsp;__0printf
<LI><a href="#[30c]">&gt;&gt;</a>&nbsp;&nbsp;&nbsp;__0fprintf
</UL>

<P><STRONG><a name="[313]"></a>_printf_post_padding</STRONG> (Thumb, 36 bytes, Stack size 24 bytes, printfa.o(i._printf_post_padding), UNUSED)
<BR><BR>[Called By]<UL><LI><a href="#[30d]">&gt;&gt;</a>&nbsp;&nbsp;&nbsp;_printf_core
</UL>

<P><STRONG><a name="[312]"></a>_printf_pre_padding</STRONG> (Thumb, 46 bytes, Stack size 24 bytes, printfa.o(i._printf_pre_padding), UNUSED)
<BR><BR>[Called By]<UL><LI><a href="#[30d]">&gt;&gt;</a>&nbsp;&nbsp;&nbsp;_printf_core
</UL>
<P>
<H3>
Undefined Global Symbols
</H3><HR></body></html>
